Archive member included to satisfy reference by file (symbol)

..\..\..\core\mpl\liblibmplmpu.a(compass_vec_cal.o)
                              ..\obj\main.o (inv_enable_vector_compass_cal)
..\..\..\core\mpl\liblibmplmpu.a(fast_no_motion.o)
                              ..\obj\main.o (inv_enable_fast_nomot)
..\..\..\core\mpl\liblibmplmpu.a(fusion_9axis.o)
                              ..\obj\main.o (inv_enable_9x_sensor_fusion)
..\..\..\core\mpl\liblibmplmpu.a(gyro_tc.o)
                              ..\obj\main.o (inv_enable_gyro_tc)
..\..\..\core\mpl\liblibmplmpu.a(mag_disturb.o)
                              ..\..\..\core\mpl\liblibmplmpu.a(compass_vec_cal.o) (inv_set_magnetic_disturbance)
..\..\..\core\mpl\liblibmplmpu.a(quaternion_supervisor.o)
                              ..\obj\main.o (inv_enable_quaternion)
..\..\..\core\mpl\liblibmplmpu.a(accel_auto_cal.o)
                              ..\..\..\core\mpl\liblibmplmpu.a(compass_vec_cal.o) (inv_init_check_sample_balance_parameter)
c:/program files (x86)/gnu tools arm embedded/5.4 2016q2/bin/../lib/gcc/arm-none-eabi/5.4.1/../../../../arm-none-eabi/lib/armv7e-m/fpu\libm.a(lib_a-s_atan.o)
                              ..\obj\mlmath.o (atan)
c:/program files (x86)/gnu tools arm embedded/5.4 2016q2/bin/../lib/gcc/arm-none-eabi/5.4.1/../../../../arm-none-eabi/lib/armv7e-m/fpu\libm.a(lib_a-s_ceil.o)
                              ..\obj\mlmath.o (ceil)
c:/program files (x86)/gnu tools arm embedded/5.4 2016q2/bin/../lib/gcc/arm-none-eabi/5.4.1/../../../../arm-none-eabi/lib/armv7e-m/fpu\libm.a(lib_a-s_cos.o)
                              ..\obj\mlmath.o (cos)
c:/program files (x86)/gnu tools arm embedded/5.4 2016q2/bin/../lib/gcc/arm-none-eabi/5.4.1/../../../../arm-none-eabi/lib/armv7e-m/fpu\libm.a(lib_a-s_fabs.o)
                              c:/program files (x86)/gnu tools arm embedded/5.4 2016q2/bin/../lib/gcc/arm-none-eabi/5.4.1/../../../../arm-none-eabi/lib/armv7e-m/fpu\libm.a(lib_a-s_atan.o) (fabs)
c:/program files (x86)/gnu tools arm embedded/5.4 2016q2/bin/../lib/gcc/arm-none-eabi/5.4.1/../../../../arm-none-eabi/lib/armv7e-m/fpu\libm.a(lib_a-s_floor.o)
                              ..\obj\mlmath.o (floor)
c:/program files (x86)/gnu tools arm embedded/5.4 2016q2/bin/../lib/gcc/arm-none-eabi/5.4.1/../../../../arm-none-eabi/lib/armv7e-m/fpu\libm.a(lib_a-s_sin.o)
                              ..\obj\mlmath.o (sin)
c:/program files (x86)/gnu tools arm embedded/5.4 2016q2/bin/../lib/gcc/arm-none-eabi/5.4.1/../../../../arm-none-eabi/lib/armv7e-m/fpu\libm.a(lib_a-sf_cos.o)
                              ..\..\..\core\mpl\liblibmplmpu.a(compass_vec_cal.o) (cosf)
c:/program files (x86)/gnu tools arm embedded/5.4 2016q2/bin/../lib/gcc/arm-none-eabi/5.4.1/../../../../arm-none-eabi/lib/armv7e-m/fpu\libm.a(lib_a-sf_sin.o)
                              ..\..\..\core\mpl\liblibmplmpu.a(fusion_9axis.o) (sinf)
c:/program files (x86)/gnu tools arm embedded/5.4 2016q2/bin/../lib/gcc/arm-none-eabi/5.4.1/../../../../arm-none-eabi/lib/armv7e-m/fpu\libm.a(lib_a-w_acos.o)
                              ..\obj\mlmath.o (acos)
c:/program files (x86)/gnu tools arm embedded/5.4 2016q2/bin/../lib/gcc/arm-none-eabi/5.4.1/../../../../arm-none-eabi/lib/armv7e-m/fpu\libm.a(lib_a-w_asin.o)
                              ..\obj\mlmath.o (asin)
c:/program files (x86)/gnu tools arm embedded/5.4 2016q2/bin/../lib/gcc/arm-none-eabi/5.4.1/../../../../arm-none-eabi/lib/armv7e-m/fpu\libm.a(lib_a-w_atan2.o)
                              ..\obj\mlmath.o (atan2)
c:/program files (x86)/gnu tools arm embedded/5.4 2016q2/bin/../lib/gcc/arm-none-eabi/5.4.1/../../../../arm-none-eabi/lib/armv7e-m/fpu\libm.a(lib_a-w_log.o)
                              ..\obj\mlmath.o (log)
c:/program files (x86)/gnu tools arm embedded/5.4 2016q2/bin/../lib/gcc/arm-none-eabi/5.4.1/../../../../arm-none-eabi/lib/armv7e-m/fpu\libm.a(lib_a-w_pow.o)
                              ..\obj\mlmath.o (pow)
c:/program files (x86)/gnu tools arm embedded/5.4 2016q2/bin/../lib/gcc/arm-none-eabi/5.4.1/../../../../arm-none-eabi/lib/armv7e-m/fpu\libm.a(lib_a-w_sqrt.o)
                              ..\obj\mlmath.o (sqrt)
c:/program files (x86)/gnu tools arm embedded/5.4 2016q2/bin/../lib/gcc/arm-none-eabi/5.4.1/../../../../arm-none-eabi/lib/armv7e-m/fpu\libm.a(lib_a-wf_acos.o)
                              ..\..\..\core\mpl\liblibmplmpu.a(mag_disturb.o) (acosf)
c:/program files (x86)/gnu tools arm embedded/5.4 2016q2/bin/../lib/gcc/arm-none-eabi/5.4.1/../../../../arm-none-eabi/lib/armv7e-m/fpu\libm.a(lib_a-wf_asin.o)
                              ..\obj\hal_outputs.o (asinf)
c:/program files (x86)/gnu tools arm embedded/5.4 2016q2/bin/../lib/gcc/arm-none-eabi/5.4.1/../../../../arm-none-eabi/lib/armv7e-m/fpu\libm.a(lib_a-wf_atan2.o)
                              ..\obj\hal_outputs.o (atan2f)
[...]
Memory Configuration

Name             Origin             Length             Attributes
rom              0x08000000         0x00200000         xr
ram              0x20000000         0x00030000         xrw
ram1             0x10000000         0x00010000         xrw
*default*        0x00000000         0xffffffff

Linker script and memory map

                0x20030000                _eram = 0x20030000

.text           0x08000000    0x1a6b8
 *(.isr_vector)
 .isr_vector    0x08000000      0x1ac ..\obj\startup_stm32f429xx.o
                0x08000000                g_pfnVectors
 *(.text*)
 .text.SYSCFG_EXTILineConfig
                0x080001ac       0x84 ..\obj\stm32f4xx_syscfg.o
                0x080001ac                SYSCFG_EXTILineConfig
 .text.inv_db_load_func
                0x08000230       0x58 ..\obj\data_builder.o
 .text.inv_db_save_func
                0x08000288       0x20 ..\obj\data_builder.o
 .text.inv_init_data_builder
                0x080002a8       0x44 ..\obj\data_builder.o
                0x080002a8                inv_init_data_builder
 .text.set_sensor_orientation_and_scale
                0x080002ec       0x24 ..\obj\data_builder.o
                0x080002ec                set_sensor_orientation_and_scale
 .text.inv_set_gyro_orientation_and_scale
                0x08000310       0x20 ..\obj\data_builder.o
                0x08000310                inv_set_gyro_orientation_and_scale
 .text.inv_set_gyro_sample_rate
                0x08000330       0x4c ..\obj\data_builder.o
                0x08000330                inv_set_gyro_sample_rate
 .text.inv_set_accel_sample_rate
                0x0800037c       0x50 ..\obj\data_builder.o
                0x0800037c                inv_set_accel_sample_rate
 .text.inv_set_compass_sample_rate
                0x080003cc       0x54 ..\obj\data_builder.o
                0x080003cc                inv_set_compass_sample_rate
 .text.inv_set_quat_sample_rate
                0x08000420       0x38 ..\obj\data_builder.o
                0x08000420                inv_set_quat_sample_rate
 .text.inv_get_compass_on
                0x08000458       0x28 ..\obj\data_builder.o
                0x08000458                inv_get_compass_on
 .text.inv_get_gyro_on
                0x08000480       0x24 ..\obj\data_builder.o
                0x08000480                inv_get_gyro_on
 .text.inv_get_accel_on
                0x080004a4       0x24 ..\obj\data_builder.o
                0x080004a4                inv_get_accel_on
 .text.inv_get_last_timestamp
                0x080004c8       0x90 ..\obj\data_builder.o
                0x080004c8                inv_get_last_timestamp
 .text.inv_set_accel_orientation_and_scale
                0x08000558       0x20 ..\obj\data_builder.o
                0x08000558                inv_set_accel_orientation_and_scale
 .text.inv_set_compass_orientation_and_scale
                0x08000578       0x20 ..\obj\data_builder.o
                0x08000578                inv_set_compass_orientation_and_scale
 .text.inv_apply_calibration
                0x08000598       0x94 ..\obj\data_builder.o
                0x08000598                inv_apply_calibration
 .text.inv_get_compass_bias
                0x0800062c       0x24 ..\obj\data_builder.o
                0x0800062c                inv_get_compass_bias
 .text.inv_set_compass_bias
                0x08000650       0x60 ..\obj\data_builder.o
                0x08000650                inv_set_compass_bias
 .text.inv_set_compass_disturbance
                0x080006b0       0x20 ..\obj\data_builder.o
                0x080006b0                inv_set_compass_disturbance
 .text.inv_set_accel_bias
                0x080006d0       0x64 ..\obj\data_builder.o
                0x080006d0                inv_set_accel_bias
 .text.inv_set_accel_accuracy
                0x08000734       0x30 ..\obj\data_builder.o
                0x08000734                inv_set_accel_accuracy
 .text.inv_set_accel_bias_mask
                0x08000764       0x88 ..\obj\data_builder.o
                0x08000764                inv_set_accel_bias_mask
 .text.inv_set_gyro_bias
                0x080007ec       0x88 ..\obj\data_builder.o
                0x080007ec                inv_set_gyro_bias
 .text.inv_get_gyro_bias_tc_set
                0x08000874       0x34 ..\obj\data_builder.o
                0x08000874                inv_get_gyro_bias_tc_set
 .text.inv_get_gyro_bias
                0x080008a8       0x3c ..\obj\data_builder.o
                0x080008a8                inv_get_gyro_bias
 .text.inv_build_accel
                0x080008e4       0xc4 ..\obj\data_builder.o
                0x080008e4                inv_build_accel
 .text.inv_build_gyro
                0x080009a8       0x4c ..\obj\data_builder.o
                0x080009a8                inv_build_gyro
 .text.inv_build_compass
                0x080009f4       0xe4 ..\obj\data_builder.o
                0x080009f4                inv_build_compass
 .text.inv_build_temp
                0x08000ad8       0x48 ..\obj\data_builder.o
                0x08000ad8                inv_build_temp
 .text.inv_build_quat
                0x08000b20       0x54 ..\obj\data_builder.o
                0x08000b20                inv_build_quat
 .text.inv_accel_was_turned_off
                0x08000b74       0x18 ..\obj\data_builder.o
                0x08000b74                inv_accel_was_turned_off
 .text.inv_compass_was_turned_off
                0x08000b8c       0x1c ..\obj\data_builder.o
                0x08000b8c                inv_compass_was_turned_off
 .text.inv_quaternion_sensor_was_turned_off
                0x08000ba8       0x1c ..\obj\data_builder.o
                0x08000ba8                inv_quaternion_sensor_was_turned_off
 .text.inv_gyro_was_turned_off
                0x08000bc4       0x18 ..\obj\data_builder.o
                0x08000bc4                inv_gyro_was_turned_off
 .text.inv_register_data_cb
                0x08000bdc      0x14c ..\obj\data_builder.o
                0x08000bdc                inv_register_data_cb
 .text.inv_unregister_data_cb
                0x08000d28       0x98 ..\obj\data_builder.o
                0x08000d28                inv_unregister_data_cb
 .text.inv_execute_on_data
                0x08000dc0       0xe8 ..\obj\data_builder.o
                0x08000dc0                inv_execute_on_data
 .text.inv_set_contiguous
                0x08000ea8      0x130 ..\obj\data_builder.o
 .text.inv_get_accel_set
                0x08000fd8       0x4c ..\obj\data_builder.o
                0x08000fd8                inv_get_accel_set
 .text.inv_get_gyro_set
                0x08001024       0x44 ..\obj\data_builder.o
                0x08001024                inv_get_gyro_set
 .text.inv_get_gyro
                0x08001068       0x20 ..\obj\data_builder.o
                0x08001068                inv_get_gyro
 .text.inv_get_compass_set
                0x08001088       0x60 ..\obj\data_builder.o
                0x08001088                inv_get_compass_set
 .text.inv_get_gyro_accuracy
                0x080010e8       0x18 ..\obj\data_builder.o
                0x080010e8                inv_get_gyro_accuracy
 .text.inv_get_mag_accuracy
                0x08001100       0x2c ..\obj\data_builder.o
                0x08001100                inv_get_mag_accuracy
 .text.inv_get_accel_accuracy
                0x0800112c       0x18 ..\obj\data_builder.o
                0x0800112c                inv_get_accel_accuracy
 .text.inv_get_compass_soft_iron_output_data
                0x08001144       0x40 ..\obj\data_builder.o
                0x08001144                inv_get_compass_soft_iron_output_data
 .text.inv_set_compass_soft_iron_input_data
                0x08001184       0x80 ..\obj\data_builder.o
                0x08001184                inv_set_compass_soft_iron_input_data
 .text.inv_reset_compass_soft_iron_matrix
                0x08001204       0x80 ..\obj\data_builder.o
                0x08001204                inv_reset_compass_soft_iron_matrix
 .text.inv_disable_compass_soft_iron_matrix
                0x08001284       0x1c ..\obj\data_builder.o
                0x08001284                inv_disable_compass_soft_iron_matrix
 .text.I2cMaster_Init
                0x080012a0       0xac ..\obj\i2c.o
                0x080012a0                I2cMaster_Init
 .text.I2Cx_TIMEOUT_UserCallback
                0x0800134c       0x6c ..\obj\i2c.o
 .text.Sensors_I2C_WriteRegister
                0x080013b8       0x68 ..\obj\i2c.o
                0x080013b8                Sensors_I2C_WriteRegister
 .text.Sensors_I2C_ReadRegister
                0x08001420       0x68 ..\obj\i2c.o
                0x08001420                Sensors_I2C_ReadRegister
 .text.ST_Sensors_I2C_WriteRegister
                0x08001488      0x19c ..\obj\i2c.o
                0x08001488                ST_Sensors_I2C_WriteRegister
 .text.ST_Sensors_I2C_ReadRegister
                0x08001624      0x4a4 ..\obj\i2c.o
                0x08001624                ST_Sensors_I2C_ReadRegister
 .text.Set_I2C_Retry
                0x08001ac8       0x20 ..\obj\i2c.o
                0x08001ac8                Set_I2C_Retry
 .text.Get_I2C_Retry
                0x08001ae8       0x18 ..\obj\i2c.o
                0x08001ae8                Get_I2C_Retry
 .text.set_int_enable
                0x08001b00       0xb4 ..\obj\inv_mpu.o
 .text.mpu_reg_dump
                0x08001bb4       0x78 ..\obj\inv_mpu.o
                0x08001bb4                mpu_reg_dump
 .text.mpu_init
                0x08001c2c      0x188 ..\obj\inv_mpu.o
                0x08001c2c                mpu_init
 .text.mpu_lp_accel_mode
                0x08001db4      0x13c ..\obj\inv_mpu.o
                0x08001db4                mpu_lp_accel_mode
 .text.mpu_get_accel_reg
                0x08001ef0       0x94 ..\obj\inv_mpu.o
                0x08001ef0                mpu_get_accel_reg
 .text.mpu_get_temperature
                0x08001f84       0xb8 ..\obj\inv_mpu.o
                0x08001f84                mpu_get_temperature
 .text.mpu_reset_fifo
                0x0800203c      0x208 ..\obj\inv_mpu.o
                0x0800203c                mpu_reset_fifo
 .text.mpu_get_gyro_fsr
                0x08002244       0x68 ..\obj\inv_mpu.o
                0x08002244                mpu_get_gyro_fsr
 .text.mpu_set_gyro_fsr
                0x080022ac       0xa4 ..\obj\inv_mpu.o
                0x080022ac                mpu_set_gyro_fsr
 .text.mpu_get_accel_fsr
                0x08002350       0x74 ..\obj\inv_mpu.o
                0x08002350                mpu_get_accel_fsr
 .text.mpu_set_accel_fsr
                0x080023c4       0xd0 ..\obj\inv_mpu.o
                0x080023c4                mpu_set_accel_fsr
 .text.mpu_get_lpf
                0x08002494       0x7c ..\obj\inv_mpu.o
                0x08002494                mpu_get_lpf
 .text.mpu_set_lpf
                0x08002510       0x9c ..\obj\inv_mpu.o
                0x08002510                mpu_set_lpf
 .text.mpu_get_sample_rate
                0x080025ac       0x34 ..\obj\inv_mpu.o
                0x080025ac                mpu_get_sample_rate
 .text.mpu_set_sample_rate
                0x080025e0       0xdc ..\obj\inv_mpu.o
                0x080025e0                mpu_set_sample_rate
 .text.mpu_set_compass_sample_rate
                0x080026bc       0x80 ..\obj\inv_mpu.o
                0x080026bc                mpu_set_compass_sample_rate
 .text.mpu_get_gyro_sens
                0x0800273c       0x70 ..\obj\inv_mpu.o
                0x0800273c                mpu_get_gyro_sens
 .text.mpu_get_accel_sens
                0x080027ac       0x7c ..\obj\inv_mpu.o
                0x080027ac                mpu_get_accel_sens
 .text.mpu_get_fifo_config
                0x08002828       0x24 ..\obj\inv_mpu.o
                0x08002828                mpu_get_fifo_config
 .text.mpu_configure_fifo
                0x0800284c       0xa4 ..\obj\inv_mpu.o
                0x0800284c                mpu_configure_fifo
 .text.mpu_set_sensors
                0x080028f0      0x1bc ..\obj\inv_mpu.o
                0x080028f0                mpu_set_sensors
 .text.mpu_read_fifo
                0x08002aac      0x330 ..\obj\inv_mpu.o
                0x08002aac                mpu_read_fifo
 .text.mpu_read_fifo_stream
                0x08002ddc       0xfc ..\obj\inv_mpu.o
                0x08002ddc                mpu_read_fifo_stream
 .text.mpu_set_bypass
                0x08002ed8      0x18c ..\obj\inv_mpu.o
                0x08002ed8                mpu_set_bypass
 .text.mpu_set_int_latched
                0x08003064       0x88 ..\obj\inv_mpu.o
                0x08003064                mpu_set_int_latched
 .text.compass_self_test
                0x080030ec      0x188 ..\obj\inv_mpu.o
 .text.accel_6500_self_test
                0x08003274      0x538 ..\obj\inv_mpu.o
 .text.gyro_6500_self_test
                0x080037ac      0x4e0 ..\obj\inv_mpu.o
 .text.get_st_6500_biases
                0x08003c8c      0x97c ..\obj\inv_mpu.o
 .text.mpu_run_6500_self_test
                0x08004608      0x288 ..\obj\inv_mpu.o
                0x08004608                mpu_run_6500_self_test
 .text.mpu_write_mem
                0x08004890       0xa4 ..\obj\inv_mpu.o
                0x08004890                mpu_write_mem
 .text.mpu_read_mem
                0x08004934       0xa4 ..\obj\inv_mpu.o
                0x08004934                mpu_read_mem
 .text.mpu_load_firmware
                0x080049d8       0xfc ..\obj\inv_mpu.o
                0x080049d8                mpu_load_firmware
 .text.mpu_set_dmp_state
                0x08004ad4       0xa8 ..\obj\inv_mpu.o
                0x08004ad4                mpu_set_dmp_state
 .text.setup_compass
                0x08004b7c      0x288 ..\obj\inv_mpu.o
 .text.mpu_get_compass_reg
                0x08004e04      0x114 ..\obj\inv_mpu.o
                0x08004e04                mpu_get_compass_reg
 .text.mpu_get_compass_fsr
                0x08004f18       0x24 ..\obj\inv_mpu.o
                0x08004f18                mpu_get_compass_fsr
 .text.mpu_lp_motion_interrupt
                0x08004f3c      0x2e4 ..\obj\inv_mpu.o
                0x08004f3c                mpu_lp_motion_interrupt
 .text.USART_Init
                0x08005220      0x174 ..\obj\stm32f4xx_usart.o
                0x08005220                USART_Init
 .text.USART_Cmd
                0x08005394       0x40 ..\obj\stm32f4xx_usart.o
                0x08005394                USART_Cmd
 .text.USART_SendData
                0x080053d4       0x24 ..\obj\stm32f4xx_usart.o
                0x080053d4                USART_SendData
 .text.USART_ReceiveData
                0x080053f8       0x20 ..\obj\stm32f4xx_usart.o
                0x080053f8                USART_ReceiveData
 .text.USART_ITConfig
                0x08005418       0x90 ..\obj\stm32f4xx_usart.o
                0x08005418                USART_ITConfig
 .text.USART_GetFlagStatus
                0x080054a8       0x38 ..\obj\stm32f4xx_usart.o
                0x080054a8                USART_GetFlagStatus
 .text.USART_GetITStatus
                0x080054e0       0xb8 ..\obj\stm32f4xx_usart.o
                0x080054e0                USART_GetITStatus
 .text.USART_ClearITPendingBit
                0x08005598       0x3c ..\obj\stm32f4xx_usart.o
                0x08005598                USART_ClearITPendingBit
 .text.PWR_BackupAccessCmd
                0x080055d4       0x20 ..\obj\stm32f4xx_pwr.o
                0x080055d4                PWR_BackupAccessCmd
 .text.NVIC_SetPriority
                0x080055f4       0x54 ..\obj\board-st_discovery.o
 .text.SysTick_Config
                0x08005648       0x44 ..\obj\board-st_discovery.o
 .text.board_init
                0x0800568c       0x5c ..\obj\board-st_discovery.o
                0x0800568c                board_init
 .text.mdelay   0x080056e8       0x28 ..\obj\board-st_discovery.o
                0x080056e8                mdelay
 .text.get_tick_count
                0x08005710       0x24 ..\obj\board-st_discovery.o
                0x08005710                get_tick_count
 .text.TimingDelay_Decrement
                0x08005734       0x24 ..\obj\board-st_discovery.o
                0x08005734                TimingDelay_Decrement
 .text.TimeStamp_Increment
                0x08005758       0x1c ..\obj\board-st_discovery.o
                0x08005758                TimeStamp_Increment
 .text.SysTick_Handler
                0x08005774       0x10 ..\obj\board-st_discovery.o
                0x08005774                SysTick_Handler
 .text.inv_init_storage_manager
                0x08005784       0x20 ..\obj\storage_manager.o
                0x08005784                inv_init_storage_manager
 .text.inv_register_load_store
                0x080057a4       0xc0 ..\obj\storage_manager.o
                0x080057a4                inv_register_load_store
 .text.USART_Config
                0x08005864       0x94 ..\obj\uart.o
                0x08005864                USART_Config
 .text._fputc   0x080058f8       0x34 ..\obj\uart.o
                0x080058f8                _fputc
 .text.__print_result_location
                0x0800592c       0x34 ..\obj\mpl.o
 .text.inv_init_mpl
                0x08005960       0x78 ..\obj\mpl.o
                0x08005960                inv_init_mpl
 .text.inv_start_mpl
                0x080059d8       0x34 ..\obj\mpl.o
                0x080059d8                inv_start_mpl
 .text.inv_get_sensor_type_linear_acceleration
                0x08005a0c       0x9c ..\obj\hal_outputs.o
                0x08005a0c                inv_get_sensor_type_linear_acceleration
 .text.inv_get_sensor_type_gravity
                0x08005aa8       0x8c ..\obj\hal_outputs.o
                0x08005aa8                inv_get_sensor_type_gravity
 .text.read_from_mpl
                0x08005b34      0x2d0 ..\obj\main.o
 .text.send_status_compass
                0x08005e04       0xbc ..\obj\main.o
                0x08005e04                send_status_compass
 .text.setup_gyro
                0x08005ec0       0xa4 ..\obj\main.o
 .text.tap_cb   0x08005f64       0xb4 ..\obj\main.o
 .text.android_orient_cb
                0x08006018       0x70 ..\obj\main.o
 .text.run_self_test
                0x08006088      0x20c ..\obj\main.o
 .text.handle_input
                0x08006294      0x508 ..\obj\main.o
 .text.gyro_data_ready_cb
                0x0800679c       0x18 ..\obj\main.o
                0x0800679c                gyro_data_ready_cb
 .text.main     0x080067b4      0x558 ..\obj\main.o
                0x080067b4                main
 .text.RCC_GetClocksFreq
                0x08006d0c      0x154 ..\obj\stm32f4xx_rcc.o
                0x08006d0c                RCC_GetClocksFreq
 .text.RCC_BackupResetCmd
                0x08006e60       0x20 ..\obj\stm32f4xx_rcc.o
                0x08006e60                RCC_BackupResetCmd
 .text.RCC_AHB1PeriphClockCmd
                0x08006e80       0x40 ..\obj\stm32f4xx_rcc.o
                0x08006e80                RCC_AHB1PeriphClockCmd
 .text.RCC_APB1PeriphClockCmd
                0x08006ec0       0x40 ..\obj\stm32f4xx_rcc.o
                0x08006ec0                RCC_APB1PeriphClockCmd
 .text.RCC_APB2PeriphClockCmd
                0x08006f00       0x40 ..\obj\stm32f4xx_rcc.o
                0x08006f00                RCC_APB2PeriphClockCmd
 .text.RCC_APB1PeriphResetCmd
                0x08006f40       0x40 ..\obj\stm32f4xx_rcc.o
                0x08006f40                RCC_APB1PeriphResetCmd
 .text.inv_init_start_manager
                0x08006f80       0x18 ..\obj\start_manager.o
                0x08006f80                inv_init_start_manager
 .text.inv_unregister_mpl_start_notification
                0x08006f98       0x80 ..\obj\start_manager.o
                0x08006f98                inv_unregister_mpl_start_notification
 .text.inv_register_mpl_start_notification
                0x08007018       0x40 ..\obj\start_manager.o
                0x08007018                inv_register_mpl_start_notification
 .text.inv_execute_mpl_start_notification
                0x08007058       0x50 ..\obj\start_manager.o
                0x08007058                inv_execute_mpl_start_notification
 .text.NMI_Handler
                0x080070a8       0x10 ..\obj\stm32f4xx_it.o
                0x080070a8                NMI_Handler
 .text.MemManage_Handler
                0x080070b8        0x8 ..\obj\stm32f4xx_it.o
                0x080070b8                MemManage_Handler
 .text.BusFault_Handler
                0x080070c0        0x8 ..\obj\stm32f4xx_it.o
                0x080070c0                BusFault_Handler
 .text.UsageFault_Handler
                0x080070c8        0x8 ..\obj\stm32f4xx_it.o
                0x080070c8                UsageFault_Handler
 .text.DebugMon_Handler
                0x080070d0       0x10 ..\obj\stm32f4xx_it.o
                0x080070d0                DebugMon_Handler
 .text.SVC_Handler
                0x080070e0       0x10 ..\obj\stm32f4xx_it.o
                0x080070e0                SVC_Handler
 .text.TIM4_IRQHandler
                0x080070f0       0x84 ..\obj\stm32f4xx_it.o
                0x080070f0                TIM4_IRQHandler
 .text.EXTI1_IRQHandler
                0x08007174       0x14 ..\obj\stm32f4xx_it.o
                0x08007174                EXTI1_IRQHandler
 .text.Reset_Handler
                0x08007188       0x4c ..\obj\startup_stm32f429xx.o
                0x08007188                Reset_Handler
 .text.Default_Handler
                0x080071d4        0x2 ..\obj\startup_stm32f429xx.o
                0x080071d4                RTC_Alarm_IRQHandler
                0x080071d4                HASH_RNG_IRQHandler
                0x080071d4                EXTI2_IRQHandler
                0x080071d4                TIM8_CC_IRQHandler
                0x080071d4                UART8_IRQHandler
                0x080071d4                SPI4_IRQHandler
                0x080071d4                TIM1_CC_IRQHandler
                0x080071d4                DMA2_Stream5_IRQHandler
                0x080071d4                HardFault_Handler
                0x080071d4                DMA1_Stream5_IRQHandler
                0x080071d4                PVD_IRQHandler
                0x080071d4                SDIO_IRQHandler
                0x080071d4                TAMP_STAMP_IRQHandler
                0x080071d4                PendSV_Handler
                0x080071d4                CAN2_RX1_IRQHandler
                0x080071d4                EXTI3_IRQHandler
                0x080071d4                TIM8_TRG_COM_TIM14_IRQHandler
                0x080071d4                TIM1_UP_TIM10_IRQHandler
                0x080071d4                TIM8_UP_TIM13_IRQHandler
                0x080071d4                I2C3_ER_IRQHandler
                0x080071d4                EXTI0_IRQHandler
                0x080071d4                I2C2_EV_IRQHandler
                0x080071d4                DMA1_Stream2_IRQHandler
                0x080071d4                CAN1_RX0_IRQHandler
                0x080071d4                FPU_IRQHandler
                0x080071d4                OTG_HS_WKUP_IRQHandler
                0x080071d4                LTDC_ER_IRQHandler
                0x080071d4                CAN2_SCE_IRQHandler
                0x080071d4                DMA2_Stream2_IRQHandler
                0x080071d4                SPI1_IRQHandler
                0x080071d4                TIM6_DAC_IRQHandler
                0x080071d4                TIM1_BRK_TIM9_IRQHandler
                0x080071d4                DCMI_IRQHandler
                0x080071d4                CAN2_RX0_IRQHandler
                0x080071d4                DMA2_Stream3_IRQHandler
                0x080071d4                USART6_IRQHandler
                0x080071d4                USART3_IRQHandler
                0x080071d4                CAN1_RX1_IRQHandler
                0x080071d4                UART5_IRQHandler
                0x080071d4                DMA2_Stream0_IRQHandler
                0x080071d4                I2C1_EV_IRQHandler
                0x080071d4                DMA1_Stream6_IRQHandler
                0x080071d4                DMA1_Stream1_IRQHandler
                0x080071d4                UART4_IRQHandler
                0x080071d4                TIM3_IRQHandler
                0x080071d4                RCC_IRQHandler
                0x080071d4                TIM8_BRK_TIM12_IRQHandler
                0x080071d4                Default_Handler
                0x080071d4                EXTI15_10_IRQHandler
                0x080071d4                ADC_IRQHandler
                0x080071d4                DMA1_Stream7_IRQHandler
                0x080071d4                SPI5_IRQHandler
                0x080071d4                TIM7_IRQHandler
                0x080071d4                CAN2_TX_IRQHandler
                0x080071d4                TIM5_IRQHandler
                0x080071d4                DMA2_Stream7_IRQHandler
                0x080071d4                I2C3_EV_IRQHandler
                0x080071d4                EXTI9_5_IRQHandler
                0x080071d4                RTC_WKUP_IRQHandler
                0x080071d4                LTDC_IRQHandler
                0x080071d4                ETH_WKUP_IRQHandler
                0x080071d4                SPI2_IRQHandler
                0x080071d4                OTG_HS_EP1_IN_IRQHandler
                0x080071d4                DMA1_Stream0_IRQHandler
                0x080071d4                CAN1_TX_IRQHandler
                0x080071d4                EXTI4_IRQHandler
                0x080071d4                ETH_IRQHandler
                0x080071d4                OTG_HS_EP1_OUT_IRQHandler
                0x080071d4                WWDG_IRQHandler
                0x080071d4                SPI6_IRQHandler
                0x080071d4                TIM2_IRQHandler
                0x080071d4                OTG_FS_WKUP_IRQHandler
                0x080071d4                TIM1_TRG_COM_TIM11_IRQHandler
                0x080071d4                OTG_HS_IRQHandler
                0x080071d4                DMA2D_IRQHandler
                0x080071d4                UART7_IRQHandler
                0x080071d4                USART2_IRQHandler
                0x080071d4                I2C2_ER_IRQHandler
                0x080071d4                DMA2_Stream1_IRQHandler
                0x080071d4                CAN1_SCE_IRQHandler
                0x080071d4                FLASH_IRQHandler
                0x080071d4                DMA2_Stream4_IRQHandler
                0x080071d4                USART1_IRQHandler
                0x080071d4                OTG_FS_IRQHandler
                0x080071d4                SPI3_IRQHandler
                0x080071d4                DMA1_Stream4_IRQHandler
                0x080071d4                I2C1_ER_IRQHandler
                0x080071d4                FMC_IRQHandler
                0x080071d4                DMA2_Stream6_IRQHandler
                0x080071d4                SAI1_IRQHandler
                0x080071d4                DMA1_Stream3_IRQHandler
 *fill*         0x080071d6        0x2 
 .text.GPIO_Config
                0x080071d8       0x80 ..\obj\gpio.o
                0x080071d8                GPIO_Config
 .text.EnableInvInterrupt
                0x08007258       0x28 ..\obj\gpio.o
                0x08007258                EnableInvInterrupt
 .text.dmp_load_motion_driver_firmware
                0x08007280       0x20 ..\obj\inv_mpu_dmp_motion_driver.o
                0x08007280                dmp_load_motion_driver_firmware
 .text.dmp_set_orientation
                0x080072a0      0x1d4 ..\obj\inv_mpu_dmp_motion_driver.o
                0x080072a0                dmp_set_orientation
 .text.dmp_set_fifo_rate
                0x08007474       0x94 ..\obj\inv_mpu_dmp_motion_driver.o
                0x08007474                dmp_set_fifo_rate
 .text.dmp_get_fifo_rate
                0x08007508       0x24 ..\obj\inv_mpu_dmp_motion_driver.o
                0x08007508                dmp_get_fifo_rate
 .text.dmp_set_tap_thresh
                0x0800752c      0x27c ..\obj\inv_mpu_dmp_motion_driver.o
                0x0800752c                dmp_set_tap_thresh
 .text.dmp_set_tap_axes
                0x080077a8       0x64 ..\obj\inv_mpu_dmp_motion_driver.o
                0x080077a8                dmp_set_tap_axes
 .text.dmp_set_tap_count
                0x0800780c       0x44 ..\obj\inv_mpu_dmp_motion_driver.o
                0x0800780c                dmp_set_tap_count
 .text.dmp_set_tap_time
                0x08007850       0x44 ..\obj\inv_mpu_dmp_motion_driver.o
                0x08007850                dmp_set_tap_time
 .text.dmp_set_tap_time_multi
                0x08007894       0x44 ..\obj\inv_mpu_dmp_motion_driver.o
                0x08007894                dmp_set_tap_time_multi
 .text.dmp_set_shake_reject_thresh
                0x080078d8       0x60 ..\obj\inv_mpu_dmp_motion_driver.o
                0x080078d8                dmp_set_shake_reject_thresh
 .text.dmp_set_shake_reject_time
                0x08007938       0x44 ..\obj\inv_mpu_dmp_motion_driver.o
                0x08007938                dmp_set_shake_reject_time
 .text.dmp_set_shake_reject_timeout
                0x0800797c       0x44 ..\obj\inv_mpu_dmp_motion_driver.o
                0x0800797c                dmp_set_shake_reject_timeout
 .text.dmp_get_pedometer_step_count
                0x080079c0       0x54 ..\obj\inv_mpu_dmp_motion_driver.o
                0x080079c0                dmp_get_pedometer_step_count
 .text.dmp_set_pedometer_step_count
                0x08007a14       0x40 ..\obj\inv_mpu_dmp_motion_driver.o
                0x08007a14                dmp_set_pedometer_step_count
 .text.dmp_get_pedometer_walk_time
                0x08007a54       0x5c ..\obj\inv_mpu_dmp_motion_driver.o
                0x08007a54                dmp_get_pedometer_walk_time
 .text.dmp_set_pedometer_walk_time
                0x08007ab0       0x50 ..\obj\inv_mpu_dmp_motion_driver.o
                0x08007ab0                dmp_set_pedometer_walk_time
 .text.dmp_enable_feature
                0x08007b00      0x250 ..\obj\inv_mpu_dmp_motion_driver.o
                0x08007b00                dmp_enable_feature
 .text.dmp_enable_gyro_cal
                0x08007d50       0x68 ..\obj\inv_mpu_dmp_motion_driver.o
                0x08007d50                dmp_enable_gyro_cal
 .text.dmp_enable_lp_quat
                0x08007db8       0x50 ..\obj\inv_mpu_dmp_motion_driver.o
                0x08007db8                dmp_enable_lp_quat
 .text.dmp_enable_6x_lp_quat
                0x08007e08       0x50 ..\obj\inv_mpu_dmp_motion_driver.o
                0x08007e08                dmp_enable_6x_lp_quat
 .text.decode_gesture
                0x08007e58       0x88 ..\obj\inv_mpu_dmp_motion_driver.o
 .text.dmp_set_interrupt_mode
                0x08007ee0       0x78 ..\obj\inv_mpu_dmp_motion_driver.o
                0x08007ee0                dmp_set_interrupt_mode
 .text.dmp_read_fifo
                0x08007f58      0x2e8 ..\obj\inv_mpu_dmp_motion_driver.o
                0x08007f58                dmp_read_fifo
 .text.dmp_register_tap_cb
                0x08008240       0x20 ..\obj\inv_mpu_dmp_motion_driver.o
                0x08008240                dmp_register_tap_cb
 .text.dmp_register_android_orient_cb
                0x08008260       0x20 ..\obj\inv_mpu_dmp_motion_driver.o
                0x08008260                dmp_register_android_orient_cb
 .text.GPIO_Init
                0x08008280      0x11c ..\obj\stm32f4xx_gpio.o
                0x08008280                GPIO_Init
 .text.GPIO_PinAFConfig
                0x0800839c       0x94 ..\obj\stm32f4xx_gpio.o
                0x0800839c                GPIO_PinAFConfig
 .text.inv_store_gaming_quaternion
                0x08008430       0x38 ..\obj\results_holder.o
                0x08008430                inv_store_gaming_quaternion
 .text.inv_set_compass_correction
                0x08008468       0x38 ..\obj\results_holder.o
                0x08008468                inv_set_compass_correction
 .text.inv_get_compass_correction
                0x080084a0       0x2c ..\obj\results_holder.o
                0x080084a0                inv_get_compass_correction
 .text.inv_get_large_mag_field
                0x080084cc       0x18 ..\obj\results_holder.o
                0x080084cc                inv_get_large_mag_field
 .text.inv_get_acc_state
                0x080084e4       0x18 ..\obj\results_holder.o
                0x080084e4                inv_get_acc_state
 .text.inv_get_motion_state
                0x080084fc       0x28 ..\obj\results_holder.o
                0x080084fc                inv_get_motion_state
 .text.inv_set_motion_state
                0x08008524       0x64 ..\obj\results_holder.o
                0x08008524                inv_set_motion_state
 .text.inv_get_local_field
                0x08008588       0x20 ..\obj\results_holder.o
                0x08008588                inv_get_local_field
 .text.inv_get_gravity
                0x080085a8       0xa0 ..\obj\results_holder.o
                0x080085a8                inv_get_gravity
 .text.inv_get_6axis_quaternion
                0x08008648       0x20 ..\obj\results_holder.o
                0x08008648                inv_get_6axis_quaternion
 .text.inv_get_quaternion
                0x08008668       0x4c ..\obj\results_holder.o
                0x08008668                inv_get_quaternion
 .text.inv_get_quaternion_set
                0x080086b4       0x6c ..\obj\results_holder.o
                0x080086b4                inv_get_quaternion_set
 .text.inv_generate_results
                0x08008720       0x24 ..\obj\results_holder.o
                0x08008720                inv_generate_results
 .text.inv_start_results_holder
                0x08008744       0x1c ..\obj\results_holder.o
                0x08008744                inv_start_results_holder
 .text.inv_init_results_holder
                0x08008760       0x54 ..\obj\results_holder.o
                0x08008760                inv_init_results_holder
 .text.inv_enable_results_holder
                0x080087b4       0x2c ..\obj\results_holder.o
                0x080087b4                inv_enable_results_holder
 .text.inv_set_accel_bias_found
                0x080087e0       0x20 ..\obj\results_holder.o
                0x080087e0                inv_set_accel_bias_found
 .text.inv_got_compass_bias
                0x08008800       0x18 ..\obj\results_holder.o
                0x08008800                inv_got_compass_bias
 .text.inv_set_compass_bias_found
                0x08008818       0x20 ..\obj\results_holder.o
                0x08008818                inv_set_compass_bias_found
 .text.inv_set_compass_state
                0x08008838       0x20 ..\obj\results_holder.o
                0x08008838                inv_set_compass_state
 .text.inv_get_compass_state
                0x08008858       0x18 ..\obj\results_holder.o
                0x08008858                inv_get_compass_state
 .text.inv_set_compass_bias_error
                0x08008870       0x20 ..\obj\results_holder.o
                0x08008870                inv_set_compass_bias_error
 .text.inv_get_linear_accel
                0x08008890       0x64 ..\obj\results_holder.o
                0x08008890                inv_get_linear_accel
 .text.inv_get_linear_accel_float
                0x080088f4       0x6c ..\obj\results_holder.o
                0x080088f4                inv_get_linear_accel_float
 .text.SystemInit
                0x08008960       0x6c ..\obj\system_stm32f4xx.o
                0x08008960                SystemInit
 .text.SystemCoreClockUpdate
                0x080089cc       0xfc ..\obj\system_stm32f4xx.o
                0x080089cc                SystemCoreClockUpdate
 .text.SetSysClock
                0x08008ac8       0xf8 ..\obj\system_stm32f4xx.o
 .text._sbrk    0x08008bc0       0x40 ..\obj\syscalls.o
                0x08008bc0                _sbrk
 .text.inv_set_message
                0x08008c00       0x3c ..\obj\message_layer.o
                0x08008c00                inv_set_message
 .text.inv_get_message_level_0
                0x08008c3c       0x2c ..\obj\message_layer.o
                0x08008c3c                inv_get_message_level_0
 .text.I2C_DeInit
                0x08008c68       0x74 ..\obj\stm32f4xx_i2c.o
                0x08008c68                I2C_DeInit
 .text.I2C_Init
                0x08008cdc      0x184 ..\obj\stm32f4xx_i2c.o
                0x08008cdc                I2C_Init
 .text.I2C_Cmd  0x08008e60       0x40 ..\obj\stm32f4xx_i2c.o
                0x08008e60                I2C_Cmd
 .text.I2C_GenerateSTART
                0x08008ea0       0x40 ..\obj\stm32f4xx_i2c.o
                0x08008ea0                I2C_GenerateSTART
 .text.I2C_GenerateSTOP
                0x08008ee0       0x40 ..\obj\stm32f4xx_i2c.o
                0x08008ee0                I2C_GenerateSTOP
 .text.I2C_Send7bitAddress
                0x08008f20       0x3c ..\obj\stm32f4xx_i2c.o
                0x08008f20                I2C_Send7bitAddress
 .text.I2C_AcknowledgeConfig
                0x08008f5c       0x40 ..\obj\stm32f4xx_i2c.o
                0x08008f5c                I2C_AcknowledgeConfig
 .text.I2C_SoftwareResetCmd
                0x08008f9c       0x44 ..\obj\stm32f4xx_i2c.o
                0x08008f9c                I2C_SoftwareResetCmd
 .text.I2C_SendData
                0x08008fe0       0x20 ..\obj\stm32f4xx_i2c.o
                0x08008fe0                I2C_SendData
 .text.I2C_ReceiveData
                0x08009000       0x1c ..\obj\stm32f4xx_i2c.o
                0x08009000                I2C_ReceiveData
 .text.I2C_ReadRegister
                0x0800901c       0x30 ..\obj\stm32f4xx_i2c.o
                0x0800901c                I2C_ReadRegister
 .text.I2C_GetFlagStatus
                0x0800904c       0x68 ..\obj\stm32f4xx_i2c.o
                0x0800904c                I2C_GetFlagStatus
 .text.I2C_ClearFlag
                0x080090b4       0x30 ..\obj\stm32f4xx_i2c.o
                0x080090b4                I2C_ClearFlag
 .text.EXTI_Init
                0x080090e4       0xe4 ..\obj\stm32f4xx_exti.o
                0x080090e4                EXTI_Init
 .text.EXTI_ClearITPendingBit
                0x080091c8       0x20 ..\obj\stm32f4xx_exti.o
                0x080091c8                EXTI_ClearITPendingBit
 .text.inv_q30_to_float
                0x080091e8       0x30 ..\obj\ml_math_func.o
 .text.inv_compass_angle
                0x08009218      0x120 ..\obj\ml_math_func.o
                0x08009218                inv_compass_angle
 .text.inv_get_gyro_sum_of_sqr
                0x08009338       0x4c ..\obj\ml_math_func.o
                0x08009338                inv_get_gyro_sum_of_sqr
 .text.inv_q29_mult
                0x08009384       0x4c ..\obj\ml_math_func.o
                0x08009384                inv_q29_mult
 .text.inv_q30_mult
                0x080093d0       0x4c ..\obj\ml_math_func.o
                0x080093d0                inv_q30_mult
 .text.inv_q_mult
                0x0800941c      0x198 ..\obj\ml_math_func.o
                0x0800941c                inv_q_mult
 .text.inv_q_add
                0x080095b4       0x64 ..\obj\ml_math_func.o
                0x080095b4                inv_q_add
 .text.inv_q_invert
                0x08009618       0x48 ..\obj\ml_math_func.o
                0x08009618                inv_q_invert
 .text.inv_q_rotate
                0x08009660       0x68 ..\obj\ml_math_func.o
                0x08009660                inv_q_rotate
 .text.inv_q_multf
                0x080096c8      0x198 ..\obj\ml_math_func.o
                0x080096c8                inv_q_multf
 .text.inv_q_addf
                0x08009860       0x84 ..\obj\ml_math_func.o
                0x08009860                inv_q_addf
 .text.inv_q_normalizef
                0x080098e4      0x220 ..\obj\ml_math_func.o
                0x080098e4                inv_q_normalizef
 .text.inv_q_norm4
                0x08009b04      0x108 ..\obj\ml_math_func.o
                0x08009b04                inv_q_norm4
 .text.inv_q_invertf
                0x08009c0c       0x5c ..\obj\ml_math_func.o
                0x08009c0c                inv_q_invertf
 .text.inv_quaternion_to_rotation
                0x08009c68      0x1e8 ..\obj\ml_math_func.o
                0x08009c68                inv_quaternion_to_rotation
 .text.inv_row_2_scale
                0x08009e50       0x84 ..\obj\ml_math_func.o
 .text.inv_orientation_matrix_to_scalar
                0x08009ed4       0x50 ..\obj\ml_math_func.o
                0x08009ed4                inv_orientation_matrix_to_scalar
 .text.inv_convert_to_body_with_scale
                0x08009f24       0xbc ..\obj\ml_math_func.o
                0x08009f24                inv_convert_to_body_with_scale
 .text.mlMatrixVectorMult
                0x08009fe0       0x74 ..\obj\ml_math_func.o
                0x08009fe0                mlMatrixVectorMult
 .text.NVIC_Init
                0x0800a054       0xc4 ..\obj\misc.o
                0x0800a054                NVIC_Init
 .text.inv_get_sensor_type_accel
                0x0800a118       0x34 ..\obj\eMPL_outputs.o
                0x0800a118                inv_get_sensor_type_accel
 .text.inv_get_sensor_type_gyro
                0x0800a14c       0x34 ..\obj\eMPL_outputs.o
                0x0800a14c                inv_get_sensor_type_gyro
 .text.inv_get_sensor_type_compass
                0x0800a180       0x34 ..\obj\eMPL_outputs.o
                0x0800a180                inv_get_sensor_type_compass
 .text.inv_get_sensor_type_quat
                0x0800a1b4       0x38 ..\obj\eMPL_outputs.o
                0x0800a1b4                inv_get_sensor_type_quat
 .text.inv_get_sensor_type_heading
                0x0800a1ec      0x108 ..\obj\eMPL_outputs.o
                0x0800a1ec                inv_get_sensor_type_heading
 .text.inv_get_sensor_type_euler
                0x0800a2f4      0x304 ..\obj\eMPL_outputs.o
                0x0800a2f4                inv_get_sensor_type_euler
 .text.inv_get_sensor_type_rot_mat
                0x0800a5f8       0x38 ..\obj\eMPL_outputs.o
                0x0800a5f8                inv_get_sensor_type_rot_mat
 .text.inv_generate_eMPL_outputs
                0x0800a630      0x168 ..\obj\eMPL_outputs.o
 .text.inv_start_eMPL_outputs
                0x0800a798       0x1c ..\obj\eMPL_outputs.o
 .text.inv_init_eMPL_outputs
                0x0800a7b4       0x18 ..\obj\eMPL_outputs.o
 .text.inv_enable_eMPL_outputs
                0x0800a7cc       0x2c ..\obj\eMPL_outputs.o
                0x0800a7cc                inv_enable_eMPL_outputs
 .text.TIM_GetCapture1
                0x0800a7f8       0x18 ..\obj\stm32f4xx_tim.o
                0x0800a7f8                TIM_GetCapture1
 .text.TIM_GetCapture2
                0x0800a810       0x18 ..\obj\stm32f4xx_tim.o
                0x0800a810                TIM_GetCapture2
 .text.TIM_ClearITPendingBit
                0x0800a828       0x24 ..\obj\stm32f4xx_tim.o
                0x0800a828                TIM_ClearITPendingBit
 .text._MLPrintLog
                0x0800a84c      0x128 ..\obj\log_stm32.o
                0x0800a84c                _MLPrintLog
 .text.eMPL_send_quat
                0x0800a974      0x10c ..\obj\log_stm32.o
                0x0800a974                eMPL_send_quat
 .text.eMPL_send_data
                0x0800aa80      0x248 ..\obj\log_stm32.o
                0x0800aa80                eMPL_send_data
 .text          0x0800acc8     0x2430 ..\..\..\core\mpl\liblibmplmpu.a(compass_vec_cal.o)
                0x0800acc8                inv_start_vector_compass_cal
                0x0800aef0                inv_vector_compass_cal_sensitivity
                0x0800aefc                inv_cheap_rand
                0x0800af34                inv_cheap_gaussian
                0x0800aff8                inv_combine_compass_data
                0x0800b16c                inv_set_terms
                0x0800b478                inv_compute_bias
                0x0800bc1c                inv_center_sum
                0x0800c324                inv_get_current_calibrated_compass
                0x0800c37c                inv_add_compass_block_data
                0x0800c42c                inv_check_sim
                0x0800c598                inv_reset_data_collection
                0x0800ce88                inv_process_compass_only_cal
                0x0800cfa4                inv_generate_vector_compass_cal
                0x0800d04c                inv_stop_vector_compass_cal
                0x0800d058                inv_init_vector_compass_cal
                0x0800d0c4                inv_enable_vector_compass_cal
                0x0800d0dc                inv_disable_vector_compass_cal
 .text          0x0800d0f8      0xd90 ..\..\..\core\mpl\liblibmplmpu.a(fast_no_motion.o)
                0x0800d294                inv_init_maxmin
                0x0800d32c                inv_start_fast_nomot
                0x0800d36c                inv_fast_nomot_parameter
                0x0800d378                inv_fast_nomot_parameter_3rd
                0x0800d458                inv_fast_nomot_set_gyro_bias
                0x0800d528                inv_set_fast_nomot_compass_threshold
                0x0800d534                int_set_fast_nomot_gyro_threshold
                0x0800d540                inv_set_fast_nomot_accel_threshold
                0x0800d54c                inv_get_fast_nomot_compass_param
                0x0800d56c                inv_get_fast_nomot_accel_param
                0x0800d58c                inv_fast_nomot_store_data
                0x0800d62c                inv_fast_nomot_store_data_compass
                0x0800d678                inv_fast_nomot_reset_data_compass
                0x0800d6a4                inv_fast_nomot_get_time_elaps
                0x0800d6b0                inv_fast_nomot_parameter_compass
                0x0800d6c8                inv_get_right_shift_by_rounding
                0x0800d748                inv_reset_min_max_gyro_accel_statistics
                0x0800d77c                inv_record_max_moment_in_no_motion_gyro
                0x0800d7b0                inv_record_max_moment_in_no_motion_accel
                0x0800d7e4                inv_record_min_moment_in_motion_gyro
                0x0800d818                inv_record_min_moment_in_motion_accel
                0x0800d84c                inv_detect_motion_by_gyro_accel
                0x0800d990                inv_sensor_data_preprocess
                0x0800da30                inv_generate_fast_nomot
                0x0800dd7c                inv_set_default_number_of_samples
                0x0800ddcc                inv_init_fast_nomot
                0x0800de34                inv_stop_fast_nomot
                0x0800de4c                inv_enable_fast_nomot
                0x0800de64                inv_disable_fast_nomot
                0x0800de78                inv_get_fnm_gyro_no_motion_param
                0x0800de84                inv_fnm_debug_print
 .text          0x0800de88      0x760 ..\..\..\core\mpl\liblibmplmpu.a(fusion_9axis.o)
                0x0800de88                inv_start_9x_sensor_fusion
                0x0800de98                inv_filter_correction_angle
                0x0800e088                inv_perform_9x_fusion
                0x0800e4a4                inv_process_9x_sensor_fusion_cb
                0x0800e53c                inv_init_9x_fusion
                0x0800e578                inv_9x_fusion_set_mag_fb
                0x0800e588                inv_9x_fusion_enable_jitter_reduction
                0x0800e598                inv_9x_fusion_use_timestamps
                0x0800e5a8                inv_stop_9x_sensor_fusion
                0x0800e5b4                inv_enable_9x_sensor_fusion
                0x0800e5d8                inv_disable_9x_sensor_fusion
 .text          0x0800e5e8      0x5a0 ..\..\..\core\mpl\liblibmplmpu.a(gyro_tc.o)
                0x0800e5e8                inv_start_gyro_tc
                0x0800ea60                inv_init_gyro_ts
                0x0800ea98                inv_set_gtc_max_temp
                0x0800eaa8                inv_set_gtc_min_temp
                0x0800eab8                inv_set_gtc_min_diff
                0x0800eac8                inv_get_gyro_ts
                0x0800eaec                inv_set_gyro_ts
                0x0800eaf0                inv_set_gtc_order
                0x0800eb08                inv_print_gtc_data
                0x0800eb0c                inv_stop_gyro_tc
                0x0800eb18                inv_enable_gyro_tc
                0x0800eb58                inv_disable_gyro_tc
 .text          0x0800eb88      0x680 ..\..\..\core\mpl\liblibmplmpu.a(mag_disturb.o)
                0x0800eb88                inv_start_magnetic_disturbance
                0x0800eb98                inv_set_magnetic_disturbance
                0x0800ebb0                inv_init_magnetic_disturbance
                0x0800ebfc                inv_stop_magnetic_disturbance
                0x0800ec08                inv_enable_magnetic_disturbance
                0x0800ec34                inv_disable_magnetic_disturbance
                0x0800ec4c                inv_disable_dip_tracking
                0x0800ec5c                inv_enable_dip_tracking
                0x0800ec6c                inv_track_dip_angle
                0x0800ed04                ComputeAngleVelocity
                0x0800ed64                Mag3ofNormalizedLong
                0x0800edb8                MagDisturbSetDisturbance
                0x0800ee38                MagDisturbCheckSettling
                0x0800ee90                inv_check_magnetic_disturbance
                0x0800f1c4                inv_magnetic_disturbance_process
                0x0800f1fc                inv_get_magnetic_disturbance_state
 .text          0x0800f208      0xa78 ..\..\..\core\mpl\liblibmplmpu.a(quaternion_supervisor.o)
                0x0800f2d8                inv_start_quaternion
                0x0800f444                inv_generate_gyro_quaternion
                0x0800f450                inv_set_quaternion
                0x0800f480                inv_generate_accel_gyro_quaternion
                0x0800fc18                inv_stop_quaternion
                0x0800fc24                inv_init_quaternion
                0x0800fc48                inv_enable_quaternion
                0x0800fc60                inv_disable_quaternion
 .text          0x0800fc80      0xd98 ..\..\..\core\mpl\liblibmplmpu.a(accel_auto_cal.o)
                0x0800fce0                inv_start_in_use_auto_calibration
                0x0800fda0                inv_init_accel_maxmin
                0x0800fdc0                inv_record_good_accel_maxmin
                0x0800fdf8                inv_get_current_calibrated_accel
                0x0800fe3c                inv_sort_order_4_T
                0x0800fee0                inv_init_check_sample_balance
                0x0800fefc                inv_init_check_sample_balance_parameter
                0x0800ff28                inv_add_accel_block_data
                0x0800ffdc                inv_add_vector_block_data
                0x08010090                inv_check_sample_balance
                0x08010228                inv_auto_calibrate
                0x08010930                inv_init_in_use_auto_calibration
                0x080109c8                inv_stop_in_use_auto_calibration
                0x080109d4                inv_enable_in_use_auto_calibration
                0x080109ec                inv_disable_in_use_auto_calibration
                0x08010a08                inv_get_accel_bias_stage
 .text.cos      0x08010a18       0xc0 c:/program files (x86)/gnu tools arm embedded/5.4 2016q2/bin/../lib/gcc/arm-none-eabi/5.4.1/../../../../arm-none-eabi/lib/armv7e-m/fpu\libm.a(lib_a-s_cos.o)
                0x08010a18                cos
 .text.fabs     0x08010ad8       0x10 c:/program files (x86)/gnu tools arm embedded/5.4 2016q2/bin/../lib/gcc/arm-none-eabi/5.4.1/../../../../arm-none-eabi/lib/armv7e-m/fpu\libm.a(lib_a-s_fabs.o)
                0x08010ad8                fabs
 .text.floor    0x08010ae8      0x120 c:/program files (x86)/gnu tools arm embedded/5.4 2016q2/bin/../lib/gcc/arm-none-eabi/5.4.1/../../../../arm-none-eabi/lib/armv7e-m/fpu\libm.a(lib_a-s_floor.o)
                0x08010ae8                floor
 .text.cosf     0x08010c08       0x90 c:/program files (x86)/gnu tools arm embedded/5.4 2016q2/bin/../lib/gcc/arm-none-eabi/5.4.1/../../../../arm-none-eabi/lib/armv7e-m/fpu\libm.a(lib_a-sf_cos.o)
                0x08010c08                cosf
 .text.sinf     0x08010c98       0x94 c:/program files (x86)/gnu tools arm embedded/5.4 2016q2/bin/../lib/gcc/arm-none-eabi/5.4.1/../../../../arm-none-eabi/lib/armv7e-m/fpu\libm.a(lib_a-sf_sin.o)
                0x08010c98                sinf
 .text.log      0x08010d2c      0x110 c:/program files (x86)/gnu tools arm embedded/5.4 2016q2/bin/../lib/gcc/arm-none-eabi/5.4.1/../../../../arm-none-eabi/lib/armv7e-m/fpu\libm.a(lib_a-w_log.o)
                0x08010d2c                log
 .text.sqrt     0x08010e3c       0xc0 c:/program files (x86)/gnu tools arm embedded/5.4 2016q2/bin/../lib/gcc/arm-none-eabi/5.4.1/../../../../arm-none-eabi/lib/armv7e-m/fpu\libm.a(lib_a-w_sqrt.o)
                0x08010e3c                sqrt
 .text.acosf    0x08010efc       0xc0 c:/program files (x86)/gnu tools arm embedded/5.4 2016q2/bin/../lib/gcc/arm-none-eabi/5.4.1/../../../../arm-none-eabi/lib/armv7e-m/fpu\libm.a(lib_a-wf_acos.o)
                0x08010efc                acosf
 .text.atan2f   0x08010fbc        0x4 c:/program files (x86)/gnu tools arm embedded/5.4 2016q2/bin/../lib/gcc/arm-none-eabi/5.4.1/../../../../arm-none-eabi/lib/armv7e-m/fpu\libm.a(lib_a-wf_atan2.o)
                0x08010fbc                atan2f
 .text.sqrtf    0x08010fc0       0xac c:/program files (x86)/gnu tools arm embedded/5.4 2016q2/bin/../lib/gcc/arm-none-eabi/5.4.1/../../../../arm-none-eabi/lib/armv7e-m/fpu\libm.a(lib_a-wf_sqrt.o)
                0x08010fc0                sqrtf
 *fill*         0x0801106c        0x4 
 .text.__ieee754_log
                0x08011070      0x408 c:/program files (x86)/gnu tools arm embedded/5.4 2016q2/bin/../lib/gcc/arm-none-eabi/5.4.1/../../../../arm-none-eabi/lib/armv7e-m/fpu\libm.a(lib_a-e_log.o)
                0x08011070                __ieee754_log
 .text.__ieee754_rem_pio2
                0x08011478      0x44c c:/program files (x86)/gnu tools arm embedded/5.4 2016q2/bin/../lib/gcc/arm-none-eabi/5.4.1/../../../../arm-none-eabi/lib/armv7e-m/fpu\libm.a(lib_a-e_rem_pio2.o)
                0x08011478                __ieee754_rem_pio2
 .text.__ieee754_sqrt
                0x080118c4      0x1a0 c:/program files (x86)/gnu tools arm embedded/5.4 2016q2/bin/../lib/gcc/arm-none-eabi/5.4.1/../../../../arm-none-eabi/lib/armv7e-m/fpu\libm.a(lib_a-e_sqrt.o)
                0x080118c4                __ieee754_sqrt
 .text.__ieee754_acosf
                0x08011a64      0x244 c:/program files (x86)/gnu tools arm embedded/5.4 2016q2/bin/../lib/gcc/arm-none-eabi/5.4.1/../../../../arm-none-eabi/lib/armv7e-m/fpu\libm.a(lib_a-ef_acos.o)
                0x08011a64                __ieee754_acosf
 .text.__ieee754_atan2f
                0x08011ca8      0x16c c:/program files (x86)/gnu tools arm embedded/5.4 2016q2/bin/../lib/gcc/arm-none-eabi/5.4.1/../../../../arm-none-eabi/lib/armv7e-m/fpu\libm.a(lib_a-ef_atan2.o)
                0x08011ca8                __ieee754_atan2f
 .text.__ieee754_rem_pio2f
                0x08011e14      0x298 c:/program files (x86)/gnu tools arm embedded/5.4 2016q2/bin/../lib/gcc/arm-none-eabi/5.4.1/../../../../arm-none-eabi/lib/armv7e-m/fpu\libm.a(lib_a-ef_rem_pio2.o)
                0x08011e14                __ieee754_rem_pio2f
 .text.__ieee754_sqrtf
                0x080120ac       0xa4 c:/program files (x86)/gnu tools arm embedded/5.4 2016q2/bin/../lib/gcc/arm-none-eabi/5.4.1/../../../../arm-none-eabi/lib/armv7e-m/fpu\libm.a(lib_a-ef_sqrt.o)
                0x080120ac                __ieee754_sqrtf
 .text.__kernel_cos
                0x08012150      0x284 c:/program files (x86)/gnu tools arm embedded/5.4 2016q2/bin/../lib/gcc/arm-none-eabi/5.4.1/../../../../arm-none-eabi/lib/armv7e-m/fpu\libm.a(lib_a-k_cos.o)
                0x08012150                __kernel_cos
 *fill*         0x080123d4        0x4 
 .text.__kernel_rem_pio2
                0x080123d8      0x820 c:/program files (x86)/gnu tools arm embedded/5.4 2016q2/bin/../lib/gcc/arm-none-eabi/5.4.1/../../../../arm-none-eabi/lib/armv7e-m/fpu\libm.a(lib_a-k_rem_pio2.o)
                0x080123d8                __kernel_rem_pio2
 .text.__kernel_sin
                0x08012bf8      0x194 c:/program files (x86)/gnu tools arm embedded/5.4 2016q2/bin/../lib/gcc/arm-none-eabi/5.4.1/../../../../arm-none-eabi/lib/armv7e-m/fpu\libm.a(lib_a-k_sin.o)
                0x08012bf8                __kernel_sin
 .text.__kernel_cosf
                0x08012d8c      0x104 c:/program files (x86)/gnu tools arm embedded/5.4 2016q2/bin/../lib/gcc/arm-none-eabi/5.4.1/../../../../arm-none-eabi/lib/armv7e-m/fpu\libm.a(lib_a-kf_cos.o)
                0x08012d8c                __kernel_cosf
 .text.__kernel_rem_pio2f
                0x08012e90      0x630 c:/program files (x86)/gnu tools arm embedded/5.4 2016q2/bin/../lib/gcc/arm-none-eabi/5.4.1/../../../../arm-none-eabi/lib/armv7e-m/fpu\libm.a(lib_a-kf_rem_pio2.o)
                0x08012e90                __kernel_rem_pio2f
 .text.__kernel_sinf
                0x080134c0       0x90 c:/program files (x86)/gnu tools arm embedded/5.4 2016q2/bin/../lib/gcc/arm-none-eabi/5.4.1/../../../../arm-none-eabi/lib/armv7e-m/fpu\libm.a(lib_a-kf_sin.o)
                0x080134c0                __kernel_sinf
 .text.matherr  0x08013550        0x4 c:/program files (x86)/gnu tools arm embedded/5.4 2016q2/bin/../lib/gcc/arm-none-eabi/5.4.1/../../../../arm-none-eabi/lib/armv7e-m/fpu\libm.a(lib_a-s_matherr.o)
                0x08013550                matherr
 *fill*         0x08013554        0x4 
 .text.nan      0x08013558       0x10 c:/program files (x86)/gnu tools arm embedded/5.4 2016q2/bin/../lib/gcc/arm-none-eabi/5.4.1/../../../../arm-none-eabi/lib/armv7e-m/fpu\libm.a(lib_a-s_nan.o)
                0x08013558                nan
 .text.scalbn   0x08013568      0x10c c:/program files (x86)/gnu tools arm embedded/5.4 2016q2/bin/../lib/gcc/arm-none-eabi/5.4.1/../../../../arm-none-eabi/lib/armv7e-m/fpu\libm.a(lib_a-s_scalbn.o)
                0x08013568                scalbn
 .text.atanf    0x08013674      0x1b8 c:/program files (x86)/gnu tools arm embedded/5.4 2016q2/bin/../lib/gcc/arm-none-eabi/5.4.1/../../../../arm-none-eabi/lib/armv7e-m/fpu\libm.a(lib_a-sf_atan.o)
                0x08013674                atanf
 .text.fabsf    0x0801382c       0x10 c:/program files (x86)/gnu tools arm embedded/5.4 2016q2/bin/../lib/gcc/arm-none-eabi/5.4.1/../../../../arm-none-eabi/lib/armv7e-m/fpu\libm.a(lib_a-sf_fabs.o)
                0x0801382c                fabsf
 .text.floorf   0x0801383c       0x90 c:/program files (x86)/gnu tools arm embedded/5.4 2016q2/bin/../lib/gcc/arm-none-eabi/5.4.1/../../../../arm-none-eabi/lib/armv7e-m/fpu\libm.a(lib_a-sf_floor.o)
                0x0801383c                floorf
 .text.scalbnf  0x080138cc       0xd0 c:/program files (x86)/gnu tools arm embedded/5.4 2016q2/bin/../lib/gcc/arm-none-eabi/5.4.1/../../../../arm-none-eabi/lib/armv7e-m/fpu\libm.a(lib_a-sf_scalbn.o)
                0x080138cc                scalbnf
 .text.copysign
                0x0801399c       0x1c c:/program files (x86)/gnu tools arm embedded/5.4 2016q2/bin/../lib/gcc/arm-none-eabi/5.4.1/../../../../arm-none-eabi/lib/armv7e-m/fpu\libm.a(lib_a-s_copysign.o)
                0x0801399c                copysign
 .text.copysignf
                0x080139b8       0x18 c:/program files (x86)/gnu tools arm embedded/5.4 2016q2/bin/../lib/gcc/arm-none-eabi/5.4.1/../../../../arm-none-eabi/lib/armv7e-m/fpu\libm.a(lib_a-sf_copysign.o)
                0x080139b8                copysignf
 .text          0x080139d0      0x370 c:/program files (x86)/gnu tools arm embedded/5.4 2016q2/bin/../lib/gcc/arm-none-eabi/5.4.1/armv7e-m/fpu\libgcc.a(_arm_addsubdf3.o)
                0x080139d0                __aeabi_drsub
                0x080139d8                __aeabi_dsub
                0x080139d8                __subdf3
                0x080139dc                __aeabi_dadd
                0x080139dc                __adddf3
                0x08013c54                __floatunsidf
                0x08013c54                __aeabi_ui2d
                0x08013c74                __floatsidf
                0x08013c74                __aeabi_i2d
                0x08013c98                __aeabi_f2d
                0x08013c98                __extendsfdf2
                0x08013cd4                __floatundidf
                0x08013cd4                __aeabi_ul2d
                0x08013ce4                __floatdidf
                0x08013ce4                __aeabi_l2d
 .text          0x08013d40      0x424 c:/program files (x86)/gnu tools arm embedded/5.4 2016q2/bin/../lib/gcc/arm-none-eabi/5.4.1/armv7e-m/fpu\libgcc.a(_arm_muldivdf3.o)
                0x08013d40                __aeabi_dmul
                0x08013d40                __muldf3
                0x08013f94                __divdf3
                0x08013f94                __aeabi_ddiv
 .text          0x08014164      0x110 c:/program files (x86)/gnu tools arm embedded/5.4 2016q2/bin/../lib/gcc/arm-none-eabi/5.4.1/armv7e-m/fpu\libgcc.a(_arm_cmpdf2.o)
                0x08014164                __gtdf2
                0x08014164                __gedf2
                0x0801416c                __ltdf2
                0x0801416c                __ledf2
                0x08014174                __nedf2
                0x08014174                __eqdf2
                0x08014174                __cmpdf2
                0x080141f0                __aeabi_cdrcmple
                0x08014200                __aeabi_cdcmpeq
                0x08014200                __aeabi_cdcmple
                0x08014210                __aeabi_dcmpeq
                0x08014224                __aeabi_dcmplt
                0x08014238                __aeabi_dcmple
                0x0801424c                __aeabi_dcmpge
                0x08014260                __aeabi_dcmpgt
 .text          0x08014274       0x2c c:/program files (x86)/gnu tools arm embedded/5.4 2016q2/bin/../lib/gcc/arm-none-eabi/5.4.1/armv7e-m/fpu\libgcc.a(_arm_unorddf2.o)
                0x08014274                __unorddf2
                0x08014274                __aeabi_dcmpun
 .text          0x080142a0       0x50 c:/program files (x86)/gnu tools arm embedded/5.4 2016q2/bin/../lib/gcc/arm-none-eabi/5.4.1/armv7e-m/fpu\libgcc.a(_arm_fixdfsi.o)
                0x080142a0                __aeabi_d2iz
                0x080142a0                __fixdfsi
 .text          0x080142f0       0xa0 c:/program files (x86)/gnu tools arm embedded/5.4 2016q2/bin/../lib/gcc/arm-none-eabi/5.4.1/armv7e-m/fpu\libgcc.a(_arm_truncdfsf2.o)
                0x080142f0                __truncdfsf2
                0x080142f0                __aeabi_d2f
 .text          0x08014390      0x21c c:/program files (x86)/gnu tools arm embedded/5.4 2016q2/bin/../lib/gcc/arm-none-eabi/5.4.1/armv7e-m/fpu\libgcc.a(_arm_addsubsf3.o)
                0x08014390                __aeabi_frsub
                0x08014398                __subsf3
                0x08014398                __aeabi_fsub
                0x0801439c                __aeabi_fadd
                0x0801439c                __addsf3
                0x080144fc                __aeabi_ui2f
                0x080144fc                __floatunsisf
                0x08014504                __aeabi_i2f
                0x08014504                __floatsisf
                0x08014520                __aeabi_ul2f
                0x08014520                __floatundisf
                0x08014530                __aeabi_l2f
                0x08014530                __floatdisf
 .text          0x080145ac       0xa0 c:/program files (x86)/gnu tools arm embedded/5.4 2016q2/bin/../lib/gcc/arm-none-eabi/5.4.1/armv7e-m/fpu\libgcc.a(_aeabi_ldivmod.o)
                0x080145ac                __aeabi_ldivmod
 .text          0x0801464c       0x24 c:/program files (x86)/gnu tools arm embedded/5.4 2016q2/bin/../lib/gcc/arm-none-eabi/5.4.1/armv7e-m/fpu\libgcc.a(_fixsfdi.o)
                0x0801464c                __fixsfdi
                0x0801464c                __aeabi_f2lz
 .text          0x08014670       0x4c c:/program files (x86)/gnu tools arm embedded/5.4 2016q2/bin/../lib/gcc/arm-none-eabi/5.4.1/armv7e-m/fpu\libgcc.a(_fixunssfdi.o)
                0x08014670                __fixunssfdi
                0x08014670                __aeabi_f2ulz
 .text          0x080146bc      0x2e4 c:/program files (x86)/gnu tools arm embedded/5.4 2016q2/bin/../lib/gcc/arm-none-eabi/5.4.1/armv7e-m/fpu\libgcc.a(_udivmoddi4.o)
                0x080146bc                __udivmoddi4
 .text          0x080149a0        0x4 c:/program files (x86)/gnu tools arm embedded/5.4 2016q2/bin/../lib/gcc/arm-none-eabi/5.4.1/armv7e-m/fpu\libgcc.a(_dvmd_tls.o)
                0x080149a0                __aeabi_idiv0
                0x080149a0                __aeabi_ldiv0
 .text          0x080149a4       0x40 c:/program files (x86)/gnu tools arm embedded/5.4 2016q2/bin/../lib/gcc/arm-none-eabi/5.4.1/armv7e-m/fpu\libgcc.a(_arm_fixunsdfsi.o)
                0x080149a4                __aeabi_d2uiz
                0x080149a4                __fixunsdfsi
 .text.__errno  0x080149e4        0xc c:/program files (x86)/gnu tools arm embedded/5.4 2016q2/bin/../lib/gcc/arm-none-eabi/5.4.1/../../../../arm-none-eabi/lib/armv7e-m/fpu\libc.a(lib_a-errno.o)
                0x080149e4                __errno
 .text.memcmp   0x080149f0       0x64 c:/program files (x86)/gnu tools arm embedded/5.4 2016q2/bin/../lib/gcc/arm-none-eabi/5.4.1/../../../../arm-none-eabi/lib/armv7e-m/fpu\libc.a(lib_a-memcmp.o)
                0x080149f0                memcmp
 .text          0x08014a54      0x134 c:/program files (x86)/gnu tools arm embedded/5.4 2016q2/bin/../lib/gcc/arm-none-eabi/5.4.1/../../../../arm-none-eabi/lib/armv7e-m/fpu\libc.a(lib_a-memcpy.o)
                0x08014a54                memcpy
 .text.memmove  0x08014b88       0xc8 c:/program files (x86)/gnu tools arm embedded/5.4 2016q2/bin/../lib/gcc/arm-none-eabi/5.4.1/../../../../arm-none-eabi/lib/armv7e-m/fpu\libc.a(lib_a-memmove.o)
                0x08014b88                memmove
 .text.memset   0x08014c50       0x9c c:/program files (x86)/gnu tools arm embedded/5.4 2016q2/bin/../lib/gcc/arm-none-eabi/5.4.1/../../../../arm-none-eabi/lib/armv7e-m/fpu\libc.a(lib_a-memset.o)
                0x08014c50                memset
 .text._vsprintf_r
                0x08014cec       0x34 c:/program files (x86)/gnu tools arm embedded/5.4 2016q2/bin/../lib/gcc/arm-none-eabi/5.4.1/../../../../arm-none-eabi/lib/armv7e-m/fpu\libc.a(lib_a-vsprintf.o)
                0x08014cec                _vsprintf_r
 .text.vsprintf
                0x08014d20       0x18 c:/program files (x86)/gnu tools arm embedded/5.4 2016q2/bin/../lib/gcc/arm-none-eabi/5.4.1/../../../../arm-none-eabi/lib/armv7e-m/fpu\libc.a(lib_a-vsprintf.o)
                0x08014d20                vsprintf
 .text._svfprintf_r
                0x08014d38     0x16d0 c:/program files (x86)/gnu tools arm embedded/5.4 2016q2/bin/../lib/gcc/arm-none-eabi/5.4.1/../../../../arm-none-eabi/lib/armv7e-m/fpu\libc.a(lib_a-svfprintf.o)
                0x08014d38                _svfprintf_r
 .text.quorem   0x08016408      0x128 c:/program files (x86)/gnu tools arm embedded/5.4 2016q2/bin/../lib/gcc/arm-none-eabi/5.4.1/../../../../arm-none-eabi/lib/armv7e-m/fpu\libc.a(lib_a-dtoa.o)
 .text._dtoa_r  0x08016530      0xe34 c:/program files (x86)/gnu tools arm embedded/5.4 2016q2/bin/../lib/gcc/arm-none-eabi/5.4.1/../../../../arm-none-eabi/lib/armv7e-m/fpu\libc.a(lib_a-dtoa.o)
                0x08016530                _dtoa_r
 .text._localeconv_r
                0x08017364        0x8 c:/program files (x86)/gnu tools arm embedded/5.4 2016q2/bin/../lib/gcc/arm-none-eabi/5.4.1/../../../../arm-none-eabi/lib/armv7e-m/fpu\libc.a(lib_a-locale.o)
                0x08017364                _localeconv_r
 .text._malloc_r
                0x0801736c      0x570 c:/program files (x86)/gnu tools arm embedded/5.4 2016q2/bin/../lib/gcc/arm-none-eabi/5.4.1/../../../../arm-none-eabi/lib/armv7e-m/fpu\libc.a(lib_a-mallocr.o)
                0x0801736c                _malloc_r
 *fill*         0x080178dc        0x4 
 .text          0x080178e0       0xa0 c:/program files (x86)/gnu tools arm embedded/5.4 2016q2/bin/../lib/gcc/arm-none-eabi/5.4.1/../../../../arm-none-eabi/lib/armv7e-m/fpu\libc.a(lib_a-memchr.o)
                0x080178e0                memchr
 .text.__malloc_lock
                0x08017980        0x4 c:/program files (x86)/gnu tools arm embedded/5.4 2016q2/bin/../lib/gcc/arm-none-eabi/5.4.1/../../../../arm-none-eabi/lib/armv7e-m/fpu\libc.a(lib_a-mlock.o)
                0x08017980                __malloc_lock
 .text.__malloc_unlock
                0x08017984        0x4 c:/program files (x86)/gnu tools arm embedded/5.4 2016q2/bin/../lib/gcc/arm-none-eabi/5.4.1/../../../../arm-none-eabi/lib/armv7e-m/fpu\libc.a(lib_a-mlock.o)
                0x08017984                __malloc_unlock
 .text._Balloc  0x08017988       0x4c c:/program files (x86)/gnu tools arm embedded/5.4 2016q2/bin/../lib/gcc/arm-none-eabi/5.4.1/../../../../arm-none-eabi/lib/armv7e-m/fpu\libc.a(lib_a-mprec.o)
                0x08017988                _Balloc
 .text._Bfree   0x080179d4       0x14 c:/program files (x86)/gnu tools arm embedded/5.4 2016q2/bin/../lib/gcc/arm-none-eabi/5.4.1/../../../../arm-none-eabi/lib/armv7e-m/fpu\libc.a(lib_a-mprec.o)
                0x080179d4                _Bfree
 .text.__multadd
                0x080179e8       0x80 c:/program files (x86)/gnu tools arm embedded/5.4 2016q2/bin/../lib/gcc/arm-none-eabi/5.4.1/../../../../arm-none-eabi/lib/armv7e-m/fpu\libc.a(lib_a-mprec.o)
                0x080179e8                __multadd
 .text.__hi0bits
                0x08017a68       0x40 c:/program files (x86)/gnu tools arm embedded/5.4 2016q2/bin/../lib/gcc/arm-none-eabi/5.4.1/../../../../arm-none-eabi/lib/armv7e-m/fpu\libc.a(lib_a-mprec.o)
                0x08017a68                __hi0bits
 .text.__lo0bits
                0x08017aa8       0x5c c:/program files (x86)/gnu tools arm embedded/5.4 2016q2/bin/../lib/gcc/arm-none-eabi/5.4.1/../../../../arm-none-eabi/lib/armv7e-m/fpu\libc.a(lib_a-mprec.o)
                0x08017aa8                __lo0bits
 .text.__i2b    0x08017b04       0x14 c:/program files (x86)/gnu tools arm embedded/5.4 2016q2/bin/../lib/gcc/arm-none-eabi/5.4.1/../../../../arm-none-eabi/lib/armv7e-m/fpu\libc.a(lib_a-mprec.o)
                0x08017b04                __i2b
 .text.__multiply
                0x08017b18      0x130 c:/program files (x86)/gnu tools arm embedded/5.4 2016q2/bin/../lib/gcc/arm-none-eabi/5.4.1/../../../../arm-none-eabi/lib/armv7e-m/fpu\libc.a(lib_a-mprec.o)
                0x08017b18                __multiply
 .text.__pow5mult
                0x08017c48       0xa0 c:/program files (x86)/gnu tools arm embedded/5.4 2016q2/bin/../lib/gcc/arm-none-eabi/5.4.1/../../../../arm-none-eabi/lib/armv7e-m/fpu\libc.a(lib_a-mprec.o)
                0x08017c48                __pow5mult
 .text.__lshift
                0x08017ce8       0xb0 c:/program files (x86)/gnu tools arm embedded/5.4 2016q2/bin/../lib/gcc/arm-none-eabi/5.4.1/../../../../arm-none-eabi/lib/armv7e-m/fpu\libc.a(lib_a-mprec.o)
                0x08017ce8                __lshift
 .text.__mcmp   0x08017d98       0x44 c:/program files (x86)/gnu tools arm embedded/5.4 2016q2/bin/../lib/gcc/arm-none-eabi/5.4.1/../../../../arm-none-eabi/lib/armv7e-m/fpu\libc.a(lib_a-mprec.o)
                0x08017d98                __mcmp
 .text.__mdiff  0x08017ddc      0x114 c:/program files (x86)/gnu tools arm embedded/5.4 2016q2/bin/../lib/gcc/arm-none-eabi/5.4.1/../../../../arm-none-eabi/lib/armv7e-m/fpu\libc.a(lib_a-mprec.o)
                0x08017ddc                __mdiff
 .text.__d2b    0x08017ef0       0xbc c:/program files (x86)/gnu tools arm embedded/5.4 2016q2/bin/../lib/gcc/arm-none-eabi/5.4.1/../../../../arm-none-eabi/lib/armv7e-m/fpu\libc.a(lib_a-mprec.o)
                0x08017ef0                __d2b
 .text._sbrk_r  0x08017fac       0x24 c:/program files (x86)/gnu tools arm embedded/5.4 2016q2/bin/../lib/gcc/arm-none-eabi/5.4.1/../../../../arm-none-eabi/lib/armv7e-m/fpu\libc.a(lib_a-sbrkr.o)
                0x08017fac                _sbrk_r
 *fill*         0x08017fd0       0x30 
 .text          0x08018000       0xdc c:/program files (x86)/gnu tools arm embedded/5.4 2016q2/bin/../lib/gcc/arm-none-eabi/5.4.1/../../../../arm-none-eabi/lib/armv7e-m/fpu\libc.a(lib_a-strlen.o)
                0x08018000                strlen
 .text.__ssprint_r
                0x080180dc      0x100 c:/program files (x86)/gnu tools arm embedded/5.4 2016q2/bin/../lib/gcc/arm-none-eabi/5.4.1/../../../../arm-none-eabi/lib/armv7e-m/fpu\libc.a(lib_a-svfiprintf.o)
                0x080180dc                __ssprint_r
 .text._calloc_r
                0x080181dc       0x60 c:/program files (x86)/gnu tools arm embedded/5.4 2016q2/bin/../lib/gcc/arm-none-eabi/5.4.1/../../../../arm-none-eabi/lib/armv7e-m/fpu\libc.a(lib_a-callocr.o)
                0x080181dc                _calloc_r
 .text._malloc_trim_r
                0x0801823c       0x9c c:/program files (x86)/gnu tools arm embedded/5.4 2016q2/bin/../lib/gcc/arm-none-eabi/5.4.1/../../../../arm-none-eabi/lib/armv7e-m/fpu\libc.a(lib_a-freer.o)
                0x0801823c                _malloc_trim_r
 .text._free_r  0x080182d8      0x1d0 c:/program files (x86)/gnu tools arm embedded/5.4 2016q2/bin/../lib/gcc/arm-none-eabi/5.4.1/../../../../arm-none-eabi/lib/armv7e-m/fpu\libc.a(lib_a-freer.o)
                0x080182d8                _free_r
 .text._realloc_r
                0x080184a8      0x3e0 c:/program files (x86)/gnu tools arm embedded/5.4 2016q2/bin/../lib/gcc/arm-none-eabi/5.4.1/../../../../arm-none-eabi/lib/armv7e-m/fpu\libc.a(lib_a-reallocr.o)
                0x080184a8                _realloc_r
 .text          0x08018888       0x30 c:/program files (x86)/gnu tools arm embedded/5.4 2016q2/bin/../lib/gcc/arm-none-eabi/5.4.1/armv7e-m/fpu\libgcc.a(_aeabi_uldivmod.o)
                0x08018888                __aeabi_uldivmod
 *(.init)
 *(.fini)
 *crtbegin.o(.ctors)
 *crtbegin?.o(.ctors)
 *(EXCLUDE_FILE(*crtend.o *crtend?.o) .ctors)
 *(SORT(.ctors.*))
 *(.ctors)
 *crtbegin.o(.dtors)
 *crtbegin?.o(.dtors)
 *(EXCLUDE_FILE(*crtend.o *crtend?.o) .dtors)
 *(SORT(.dtors.*))
 *(.dtors)
 *(.rodata*)
 .rodata        0x080188b8       0x48 ..\obj\data_builder.o
 .rodata        0x08018900      0x6c0 ..\obj\inv_mpu.o
                0x08018900                reg
                0x0801892c                hw
                0x0801893c                test
 .rodata        0x08018fc0       0x96 ..\obj\mpl.o
                0x08019024                ml_ver
 *fill*         0x08019056        0x2 
 .rodata        0x08019058      0x2aa ..\obj\main.o
 *fill*         0x08019302        0x2 
 .rodata        0x08019304      0xc43 ..\obj\inv_mpu_dmp_motion_driver.o
 *fill*         0x08019f47        0x1 
 .rodata.str1.4
                0x08019f48        0x9 ..\..\..\core\mpl\liblibmplmpu.a(quaternion_supervisor.o)
                                  0xc (size before relaxing)
 *fill*         0x08019f51        0x3 
 .rodata.str1.4
                0x08019f54        0x4 c:/program files (x86)/gnu tools arm embedded/5.4 2016q2/bin/../lib/gcc/arm-none-eabi/5.4.1/../../../../arm-none-eabi/lib/armv7e-m/fpu\libm.a(lib_a-w_log.o)
                                  0x5 (size before relaxing)
 .rodata.str1.4
                0x08019f58        0x5 c:/program files (x86)/gnu tools arm embedded/5.4 2016q2/bin/../lib/gcc/arm-none-eabi/5.4.1/../../../../arm-none-eabi/lib/armv7e-m/fpu\libm.a(lib_a-w_sqrt.o)
 *fill*         0x08019f5d        0x3 
 .rodata.str1.4
                0x08019f60        0x6 c:/program files (x86)/gnu tools arm embedded/5.4 2016q2/bin/../lib/gcc/arm-none-eabi/5.4.1/../../../../arm-none-eabi/lib/armv7e-m/fpu\libm.a(lib_a-wf_acos.o)
                                  0x9 (size before relaxing)
 *fill*         0x08019f66        0x2 
 .rodata.str1.4
                0x08019f68        0x6 c:/program files (x86)/gnu tools arm embedded/5.4 2016q2/bin/../lib/gcc/arm-none-eabi/5.4.1/../../../../arm-none-eabi/lib/armv7e-m/fpu\libm.a(lib_a-wf_sqrt.o)
 *fill*         0x08019f6e        0x2 
 .rodata.npio2_hw
                0x08019f70       0x80 c:/program files (x86)/gnu tools arm embedded/5.4 2016q2/bin/../lib/gcc/arm-none-eabi/5.4.1/../../../../arm-none-eabi/lib/armv7e-m/fpu\libm.a(lib_a-e_rem_pio2.o)
 .rodata.two_over_pi
                0x08019ff0      0x108 c:/program files (x86)/gnu tools arm embedded/5.4 2016q2/bin/../lib/gcc/arm-none-eabi/5.4.1/../../../../arm-none-eabi/lib/armv7e-m/fpu\libm.a(lib_a-e_rem_pio2.o)
 .rodata.npio2_hw
                0x0801a0f8       0x80 c:/program files (x86)/gnu tools arm embedded/5.4 2016q2/bin/../lib/gcc/arm-none-eabi/5.4.1/../../../../arm-none-eabi/lib/armv7e-m/fpu\libm.a(lib_a-ef_rem_pio2.o)
 .rodata.two_over_pi
                0x0801a178      0x318 c:/program files (x86)/gnu tools arm embedded/5.4 2016q2/bin/../lib/gcc/arm-none-eabi/5.4.1/../../../../arm-none-eabi/lib/armv7e-m/fpu\libm.a(lib_a-ef_rem_pio2.o)
 .rodata.init_jk
                0x0801a490       0x10 c:/program files (x86)/gnu tools arm embedded/5.4 2016q2/bin/../lib/gcc/arm-none-eabi/5.4.1/../../../../arm-none-eabi/lib/armv7e-m/fpu\libm.a(lib_a-k_rem_pio2.o)
 .rodata.PIo2   0x0801a4a0       0x40 c:/program files (x86)/gnu tools arm embedded/5.4 2016q2/bin/../lib/gcc/arm-none-eabi/5.4.1/../../../../arm-none-eabi/lib/armv7e-m/fpu\libm.a(lib_a-k_rem_pio2.o)
 .rodata.init_jk
                0x0801a4e0        0xc c:/program files (x86)/gnu tools arm embedded/5.4 2016q2/bin/../lib/gcc/arm-none-eabi/5.4.1/../../../../arm-none-eabi/lib/armv7e-m/fpu\libm.a(lib_a-kf_rem_pio2.o)
 .rodata.PIo2   0x0801a4ec       0x2c c:/program files (x86)/gnu tools arm embedded/5.4 2016q2/bin/../lib/gcc/arm-none-eabi/5.4.1/../../../../arm-none-eabi/lib/armv7e-m/fpu\libm.a(lib_a-kf_rem_pio2.o)
 .rodata.atanlo
                0x0801a518       0x10 c:/program files (x86)/gnu tools arm embedded/5.4 2016q2/bin/../lib/gcc/arm-none-eabi/5.4.1/../../../../arm-none-eabi/lib/armv7e-m/fpu\libm.a(lib_a-sf_atan.o)
 .rodata.atanhi
                0x0801a528       0x10 c:/program files (x86)/gnu tools arm embedded/5.4 2016q2/bin/../lib/gcc/arm-none-eabi/5.4.1/../../../../arm-none-eabi/lib/armv7e-m/fpu\libm.a(lib_a-sf_atan.o)
 .rodata.str1.4
                0x0801a538        0x2 c:/program files (x86)/gnu tools arm embedded/5.4 2016q2/bin/../lib/gcc/arm-none-eabi/5.4.1/../../../../arm-none-eabi/lib/armv7e-m/fpu\libc.a(lib_a-impure.o)
 *fill*         0x0801a53a        0x2 
 .rodata.blanks.7057
                0x0801a53c       0x10 c:/program files (x86)/gnu tools arm embedded/5.4 2016q2/bin/../lib/gcc/arm-none-eabi/5.4.1/../../../../arm-none-eabi/lib/armv7e-m/fpu\libc.a(lib_a-svfprintf.o)
 .rodata.str1.4
                0x0801a54c       0x42 c:/program files (x86)/gnu tools arm embedded/5.4 2016q2/bin/../lib/gcc/arm-none-eabi/5.4.1/../../../../arm-none-eabi/lib/armv7e-m/fpu\libc.a(lib_a-svfprintf.o)
 *fill*         0x0801a58e        0x2 
 .rodata.zeroes.7058
                0x0801a590       0x10 c:/program files (x86)/gnu tools arm embedded/5.4 2016q2/bin/../lib/gcc/arm-none-eabi/5.4.1/../../../../arm-none-eabi/lib/armv7e-m/fpu\libc.a(lib_a-svfprintf.o)
 .rodata.str1.4
                0x0801a5a0       0x10 c:/program files (x86)/gnu tools arm embedded/5.4 2016q2/bin/../lib/gcc/arm-none-eabi/5.4.1/../../../../arm-none-eabi/lib/armv7e-m/fpu\libc.a(lib_a-dtoa.o)
                                 0x12 (size before relaxing)
 .rodata.str1.4
                0x0801a5b0        0xc c:/program files (x86)/gnu tools arm embedded/5.4 2016q2/bin/../lib/gcc/arm-none-eabi/5.4.1/../../../../arm-none-eabi/lib/armv7e-m/fpu\libc.a(lib_a-locale.o)
                                 0x12 (size before relaxing)
 .rodata.p05.5398
                0x0801a5bc        0xc c:/program files (x86)/gnu tools arm embedded/5.4 2016q2/bin/../lib/gcc/arm-none-eabi/5.4.1/../../../../arm-none-eabi/lib/armv7e-m/fpu\libc.a(lib_a-mprec.o)
 .rodata.__mprec_tens
                0x0801a5c8       0xc8 c:/program files (x86)/gnu tools arm embedded/5.4 2016q2/bin/../lib/gcc/arm-none-eabi/5.4.1/../../../../arm-none-eabi/lib/armv7e-m/fpu\libc.a(lib_a-mprec.o)
                0x0801a5c8                __mprec_tens
 .rodata.__mprec_bigtens
                0x0801a690       0x28 c:/program files (x86)/gnu tools arm embedded/5.4 2016q2/bin/../lib/gcc/arm-none-eabi/5.4.1/../../../../arm-none-eabi/lib/armv7e-m/fpu\libc.a(lib_a-mprec.o)
                0x0801a690                __mprec_bigtens
 *(.eh_fram e*)

.glue_7         0x0801a6b8        0x0
 .glue_7        0x0801a6b8        0x0 linker stubs

.glue_7t        0x0801a6b8        0x0
 .glue_7t       0x0801a6b8        0x0 linker stubs

.vfp11_veneer   0x0801a6b8        0x0
 .vfp11_veneer  0x0801a6b8        0x0 linker stubs

.v4_bx          0x0801a6b8        0x0
 .v4_bx         0x0801a6b8        0x0 linker stubs

.iplt           0x0801a6b8        0x0
 .iplt          0x0801a6b8        0x0 ..\obj\stm32f4xx_syscfg.o

.ARM.extab
 *(.ARM.extab* .gnu.linkonce.armextab.*)
                0x0801a6b8                __exidx_start = .

.ARM.exidx      0x0801a6b8        0x8
 *(.ARM.exidx* .gnu.linkonce.armexidx.*)
 .ARM.exidx     0x0801a6b8        0x8 c:/program files (x86)/gnu tools arm embedded/5.4 2016q2/bin/../lib/gcc/arm-none-eabi/5.4.1/armv7e-m/fpu\libgcc.a(_udivmoddi4.o)
                0x0801a6c0                __exidx_end = .
                0x0801a6c0                __etext = .
                0x0801a6c0                _sidata = __etext

.rel.dyn        0x0801a6c0        0x0
 .rel.iplt      0x0801a6c0        0x0 ..\obj\stm32f4xx_syscfg.o

.data           0x20000000      0x904 load address 0x0801a6c0
                0x20000000                __data_start__ = .
                0x20000000                _sdata = __data_start__
 *(vtable)
 *(.data*)
 .data          0x20000000        0x2 ..\obj\i2c.o
 *fill*         0x20000002        0x2 
 .data          0x20000004       0x38 ..\obj\inv_mpu.o
 .data          0x2000003c       0x19 ..\obj\main.o
                0x2000003c                mpl_key
 *fill*         0x20000055        0x3 
 .data          0x20000058       0x10 ..\obj\stm32f4xx_rcc.o
 .data          0x20000068       0x14 ..\obj\system_stm32f4xx.o
                0x20000068                SystemCoreClock
                0x2000006c                AHBPrescTable
 .data          0x2000007c       0x10 ..\..\..\core\mpl\liblibmplmpu.a(compass_vec_cal.o)
 .data.__fdlib_version
                0x2000008c        0x1 c:/program files (x86)/gnu tools arm embedded/5.4 2016q2/bin/../lib/gcc/arm-none-eabi/5.4.1/../../../../arm-none-eabi/lib/armv7e-m/fpu\libm.a(lib_a-s_lib_ver.o)
                0x2000008c                __fdlib_version
 *fill*         0x2000008d        0x3 
 .data.impure_data
                0x20000090      0x428 c:/program files (x86)/gnu tools arm embedded/5.4 2016q2/bin/../lib/gcc/arm-none-eabi/5.4.1/../../../../arm-none-eabi/lib/armv7e-m/fpu\libc.a(lib_a-impure.o)
 .data._impure_ptr
                0x200004b8        0x4 c:/program files (x86)/gnu tools arm embedded/5.4 2016q2/bin/../lib/gcc/arm-none-eabi/5.4.1/../../../../arm-none-eabi/lib/armv7e-m/fpu\libc.a(lib_a-impure.o)
                0x200004b8                _impure_ptr
 .data.lconv    0x200004bc       0x38 c:/program files (x86)/gnu tools arm embedded/5.4 2016q2/bin/../lib/gcc/arm-none-eabi/5.4.1/../../../../arm-none-eabi/lib/armv7e-m/fpu\libc.a(lib_a-locale.o)
 .data.__malloc_av_
                0x200004f4      0x408 c:/program files (x86)/gnu tools arm embedded/5.4 2016q2/bin/../lib/gcc/arm-none-eabi/5.4.1/../../../../arm-none-eabi/lib/armv7e-m/fpu\libc.a(lib_a-mallocr.o)
                0x200004f4                __malloc_av_
 .data.__malloc_trim_threshold
                0x200008fc        0x4 c:/program files (x86)/gnu tools arm embedded/5.4 2016q2/bin/../lib/gcc/arm-none-eabi/5.4.1/../../../../arm-none-eabi/lib/armv7e-m/fpu\libc.a(lib_a-mallocr.o)
                0x200008fc                __malloc_trim_threshold
 .data.__malloc_sbrk_base
                0x20000900        0x4 c:/program files (x86)/gnu tools arm embedded/5.4 2016q2/bin/../lib/gcc/arm-none-eabi/5.4.1/../../../../arm-none-eabi/lib/armv7e-m/fpu\libc.a(lib_a-mallocr.o)
                0x20000900                __malloc_sbrk_base
                0x20000904                . = ALIGN (0x4)
                [!provide]                PROVIDE (__preinit_array_start, .)
 *(.preinit_array)
                [!provide]                PROVIDE (__preinit_array_end, .)
                0x20000904                . = ALIGN (0x4)
                [!provide]                PROVIDE (__init_array_start, .)
 *(SORT(.init_array.*))
 *(.init_array)
                [!provide]                PROVIDE (__init_array_end, .)
                0x20000904                . = ALIGN (0x4)
                [!provide]                PROVIDE (__fini_array_start, .)
 *(SORT(.fini_array.*))
 *(.fini_array)
                [!provide]                PROVIDE (__fini_array_end, .)
 *(.jcr*)
                0x20000904                . = ALIGN (0x4)
                0x20000904                __data_end__ = .
                0x20000904                _edata = __data_end__

.igot.plt       0x20000904        0x0 load address 0x0801afc4
 .igot.plt      0x20000904        0x0 ..\obj\stm32f4xx_syscfg.o

.bss            0x20000908     0x16a4 load address 0x0801afc8
                0x20000908                . = ALIGN (0x4)
                0x20000908                __bss_start__ = .
                0x20000908                _sbss = __bss_start__
 *(.bss*)
 .bss           0x20000908      0x2d8 ..\obj\data_builder.o
 .bss           0x20000be0        0xc ..\obj\board-st_discovery.o
                0x20000be0                g_ul_ms_ticks
                0x20000be8                idle_time
 .bss           0x20000bec      0x198 ..\obj\storage_manager.o
 .bss           0x20000d84       0xc4 ..\obj\hal_outputs.o
 .bss           0x20000e48       0x28 ..\obj\main.o
                0x20000e48                hal_timestamp
 .bss           0x20000e70       0x54 ..\obj\start_manager.o
 .bss           0x20000ec4        0x8 ..\obj\stm32f4xx_it.o
                0x20000ec4                IC2Value
                0x20000ec6                DutyCycle
                0x20000ec8                Frequency
 .bss           0x20000ecc       0x10 ..\obj\inv_mpu_dmp_motion_driver.o
 .bss           0x20000edc       0x88 ..\obj\results_holder.o
 .bss           0x20000f64        0x4 ..\obj\syscalls.o
 .bss           0x20000f68        0x4 ..\obj\message_layer.o
 .bss           0x20000f6c       0x28 ..\obj\eMPL_outputs.o
 *fill*         0x20000f94        0x4 
 .bss           0x20000f98       0x40 ..\..\..\core\mpl\liblibmplmpu.a(fast_no_motion.o)
 .bss           0x20000fd8      0x1c4 ..\..\..\core\mpl\liblibmplmpu.a(gyro_tc.o)
 .bss           0x2000119c       0xb8 ..\..\..\core\mpl\liblibmplmpu.a(mag_disturb.o)
                0x2000119c                mag_disturb
 .bss           0x20001254       0x6c ..\..\..\core\mpl\liblibmplmpu.a(quaternion_supervisor.o)
 .bss           0x200012c0      0x4b8 ..\..\..\core\mpl\liblibmplmpu.a(accel_auto_cal.o)
 .bss.__malloc_max_total_mem
                0x20001778        0x4 c:/program files (x86)/gnu tools arm embedded/5.4 2016q2/bin/../lib/gcc/arm-none-eabi/5.4.1/../../../../arm-none-eabi/lib/armv7e-m/fpu\libc.a(lib_a-mallocr.o)
                0x20001778                __malloc_max_total_mem
 .bss.__malloc_max_sbrked_mem
                0x2000177c        0x4 c:/program files (x86)/gnu tools arm embedded/5.4 2016q2/bin/../lib/gcc/arm-none-eabi/5.4.1/../../../../arm-none-eabi/lib/armv7e-m/fpu\libc.a(lib_a-mallocr.o)
                0x2000177c                __malloc_max_sbrked_mem
 .bss.__malloc_top_pad
                0x20001780        0x4 c:/program files (x86)/gnu tools arm embedded/5.4 2016q2/bin/../lib/gcc/arm-none-eabi/5.4.1/../../../../arm-none-eabi/lib/armv7e-m/fpu\libc.a(lib_a-mallocr.o)
                0x20001780                __malloc_top_pad
 .bss.__malloc_current_mallinfo
                0x20001784       0x28 c:/program files (x86)/gnu tools arm embedded/5.4 2016q2/bin/../lib/gcc/arm-none-eabi/5.4.1/../../../../arm-none-eabi/lib/armv7e-m/fpu\libc.a(lib_a-mallocr.o)
                0x20001784                __malloc_current_mallinfo
 *(COMMON)
 *fill*         0x200017ac        0x4 
 COMMON         0x200017b0      0x460 ..\..\..\core\mpl\liblibmplmpu.a(compass_vec_cal.o)
                0x200017b0                cb_test
                0x20001898                cb
                0x20001980                vc
                0x20001b28                cb_sim
 COMMON         0x20001c10      0x260 ..\..\..\core\mpl\liblibmplmpu.a(fast_no_motion.o)
                0x20001c10                fnm
 COMMON         0x20001e70      0x138 ..\..\..\core\mpl\liblibmplmpu.a(fusion_9axis.o)
                0x20001e70                s9axis
 COMMON         0x20001fa8        0x4 c:/program files (x86)/gnu tools arm embedded/5.4 2016q2/bin/../lib/gcc/arm-none-eabi/5.4.1/../../../../arm-none-eabi/lib/armv7e-m/fpu\libc.a(lib_a-reent.o)
                0x20001fa8                errno
                0x20001fac                . = ALIGN (0x4)
                0x20001fac                __bss_end__ = .
                0x20001fac                _ebss = __bss_end__

.heap           0x20001fac        0x0
                0x20001fac                __end__ = .
                0x20001fac                _end = __end__
                0x20001fac                end = __end__
 *(.heap*)
                0x20001fac                __HeapLimit = .

.co_stack       0x20001fac        0x4 load address 0x0801c66c
                0x20001fb0                . = ALIGN (0x8)
 *fill*         0x20001fac        0x4 
 *(.co_stack .co_stack.*)
                0x20030000                __StackTop = (ORIGIN (ram) + LENGTH (ram))
                0x2002fffc                __StackLimit = (__StackTop - SIZEOF (.co_stack))
                [!provide]                PROVIDE (__stack, __StackTop)
                0x00000001                ASSERT ((__StackLimit >= __HeapLimit), region ram  overflowed with stack)
LOAD ..\obj\stm32f4xx_syscfg.o
LOAD ..\obj\data_builder.o
LOAD ..\obj\stm32f4xx_sdio.o
LOAD ..\obj\i2c.o
LOAD ..\obj\stm32f4xx_hash.o
LOAD ..\obj\inv_mpu.o
LOAD ..\obj\stm32f4xx_cryp_aes.o
LOAD ..\obj\stm32f4xx_hash_sha1.o
LOAD ..\obj\stm32f4xx_usart.o
LOAD ..\obj\stm32f4xx_pwr.o
LOAD ..\obj\stm32f4xx_can.o
LOAD ..\obj\stm32f4xx_wwdg.o
LOAD ..\obj\stm32f4xx_hash_md5.o
LOAD ..\obj\board-st_discovery.o
LOAD ..\obj\stm32f4xx_dac.o
LOAD ..\obj\storage_manager.o
LOAD ..\obj\uart.o
LOAD ..\obj\mpl.o
LOAD ..\obj\stm32f4_discovery.o
LOAD ..\obj\stm32f4xx_crc.o
LOAD ..\obj\stm32f4xx_iwdg.o
LOAD ..\obj\hal_outputs.o
LOAD ..\obj\main.o
LOAD ..\obj\stm32f4xx_rcc.o
LOAD ..\obj\start_manager.o
LOAD ..\obj\stm32f4xx_it.o
LOAD ..\obj\startup_stm32f429xx.o
LOAD ..\obj\stm32f4xx_adc.o
LOAD ..\obj\stm32f4xx_dcmi.o
LOAD ..\obj\gpio.o
LOAD ..\obj\mlmath.o
LOAD ..\obj\stm32f4xx_cryp_des.o
LOAD ..\obj\stm32f4xx_cryp.o
LOAD ..\obj\stm32f4xx_fsmc.o
LOAD ..\obj\inv_mpu_dmp_motion_driver.o
LOAD ..\obj\stm32f4xx_gpio.o
LOAD ..\obj\stm32f4xx_flash.o
LOAD ..\obj\results_holder.o
LOAD ..\obj\system_stm32f4xx.o
LOAD ..\obj\syscalls.o
LOAD ..\obj\stm32f4xx_dma.o
LOAD ..\obj\message_layer.o
LOAD ..\obj\stm32f4xx_spi.o
LOAD ..\obj\stm32f4xx_i2c.o
LOAD ..\obj\stm32f4xx_rng.o
LOAD ..\obj\stm32f4xx_exti.o
LOAD ..\obj\ml_math_func.o
LOAD ..\obj\misc.o
LOAD ..\obj\eMPL_outputs.o
LOAD ..\obj\stm32f4xx_rtc.o
LOAD ..\obj\stm32f4xx_cryp_tdes.o
LOAD ..\obj\stm32f4xx_tim.o
LOAD ..\obj\log_stm32.o
LOAD ..\obj\stm32f4xx_dbgmcu.o
LOAD ..\..\..\core\mpl\liblibmplmpu.a
LOAD c:/program files (x86)/gnu tools arm embedded/5.4 2016q2/bin/../lib/gcc/arm-none-eabi/5.4.1/../../../../arm-none-eabi/lib/armv7e-m/fpu\libm.a
LOAD c:/program files (x86)/gnu tools arm embedded/5.4 2016q2/bin/../lib/gcc/arm-none-eabi/5.4.1/armv7e-m/fpu\libgcc.a
LOAD c:/program files (x86)/gnu tools arm embedded/5.4 2016q2/bin/../lib/gcc/arm-none-eabi/5.4.1/../../../../arm-none-eabi/lib/armv7e-m/fpu\libc.a
START GROUP
LOAD c:/program files (x86)/gnu tools arm embedded/5.4 2016q2/bin/../lib/gcc/arm-none-eabi/5.4.1/armv7e-m/fpu\libgcc.a
LOAD c:/program files (x86)/gnu tools arm embedded/5.4 2016q2/bin/../lib/gcc/arm-none-eabi/5.4.1/../../../../arm-none-eabi/lib/armv7e-m/fpu\libg.a
LOAD c:/program files (x86)/gnu tools arm embedded/5.4 2016q2/bin/../lib/gcc/arm-none-eabi/5.4.1/../../../../arm-none-eabi/lib/armv7e-m/fpu\libc.a
END GROUP
OUTPUT(md.elf elf32-littlearm)

.debug_info     0x00000000    0x1718b
 .debug_info    0x00000000      0x274 ..\obj\stm32f4xx_syscfg.o
 .debug_info    0x00000274     0x10f1 ..\obj\data_builder.o
 .debug_info    0x00001365      0x703 ..\obj\i2c.o
 .debug_info    0x00001a68     0x19da ..\obj\inv_mpu.o
 .debug_info    0x00003442      0x9ca ..\obj\stm32f4xx_usart.o
 .debug_info    0x00003e0c      0x519 ..\obj\stm32f4xx_pwr.o
 .debug_info    0x00004325      0x79c ..\obj\board-st_discovery.o
 .debug_info    0x00004ac1      0x369 ..\obj\storage_manager.o
 .debug_info    0x00004e2a      0x452 ..\obj\uart.o
 .debug_info    0x0000527c      0x1c7 ..\obj\mpl.o
 .debug_info    0x00005443      0x891 ..\obj\hal_outputs.o
 .debug_info    0x00005cd4      0x885 ..\obj\main.o
 .debug_info    0x00006559      0xc63 ..\obj\stm32f4xx_rcc.o
 .debug_info    0x000071bc      0x1c6 ..\obj\start_manager.o
 .debug_info    0x00007382      0x3d8 ..\obj\stm32f4xx_it.o
 .debug_info    0x0000775a       0xcd ..\obj\startup_stm32f429xx.o
 .debug_info    0x00007827      0x64f ..\obj\gpio.o
 .debug_info    0x00007e76      0xaaa ..\obj\inv_mpu_dmp_motion_driver.o
 .debug_info    0x00008920      0x61a ..\obj\stm32f4xx_gpio.o
 .debug_info    0x00008f3a      0x9c3 ..\obj\results_holder.o